Microchip MPLAB XC8 Compiler V2.31

Linker command line:

-W-3 --edf=C:\Program Files\Microchip\xc8\v2.31\pic\dat\en_msgs.txt -cn \
  -h+dist/default/production\CAN_WL_SIM.X.production.sym \
  --cmf=dist/default/production\CAN_WL_SIM.X.production.cmf -z -Q18F4620 \
  -oC:\Users\almos\AppData\Local\Temp\sdlg.2 --defsym=__MPLAB_BUILD=1 \
  -Mdist/default/production/CAN_WL_SIM.X.production.map -E1 \
  -ver=XC8 Compiler --acfsm=1493 -ASTACK=080h-0F7Fh -pstack=STACK \
  -ACODE=00h-0FFFFh -ACONST=00h-0FFFFh -ASMALLCONST=01000h-010FFhx240 \
  -AMEDIUMCONST=01000h-0FFFFh -ACOMRAM=01h-07Fh -AABS1=00h-0F7Fh \
  -ABIGRAM=01h-0F7Fh -ARAM=080h-0FFh,0100h-01FFhx14,0F00h-0F7Fh \
  -ABANK0=080h-0FFh -ABANK1=0100h-01FFh -ABANK2=0200h-02FFh \
  -ABANK3=0300h-03FFh -ABANK4=0400h-04FFh -ABANK5=0500h-05FFh \
  -ABANK6=0600h-06FFh -ABANK7=0700h-07FFh -ABANK8=0800h-08FFh \
  -ABANK9=0900h-09FFh -ABANK10=0A00h-0AFFh -ABANK11=0B00h-0BFFh \
  -ABANK12=0C00h-0CFFh -ABANK13=0D00h-0DFFh -ABANK14=0E00h-0EFFh \
  -ABANK15=0F00h-0F7Fh -ASFR=0F80h-0FFFh -ACONFIG=0300000h-030000Dh \
  -AIDLOC=0200000h-0200007h -AEEDATA=0F00000h-0F003FFh -peeprom_data=EEDATA \
  -preset_vec=00h,intcode=08h,intcodelo,powerup,init -pramtop=01000h \
  -psmallconst=SMALLCONST -pmediumconst=MEDIUMCONST -pconst=CONST \
  -AFARRAM=00h-00h \
  -prdata=COMRAM,nvrram=COMRAM,nvbit=COMRAM,rbss=COMRAM,rbit=COMRAM \
  -pfarbss=FARRAM,fardata=FARRAM,nvFARRAM=FARRAM \
  -pintsave_regs=BIGRAM,bigbss=BIGRAM,bigdata=BIGRAM -pbss=RAM \
  -pidata=CODE,irdata=CODE,ibigdata=CODE,ifardata=CODE -prparam=COMRAM \
  C:\Users\almos\AppData\Local\Temp\sdlg.o \
  dist/default/production\CAN_WL_SIM.X.production.o 

Object code version is 3.11

Machine type is 18F4620



                Name                               Link     Load   Length Selector   Space Scale
C:\Users\almos\AppData\Local\Temp\sdlg.o
                idloc                            200000   200000        8        0       5
                config                           300000   300000        E        0       4
                init                                  E        E        4        4       0
                reset_vec                             0        0        4        0       0
dist/default/production\CAN_WL_SIM.X.production.o
                intcode                               8        8        6        4       0
                idloc                            200000   200000        8        0       5
                config                           300000   300000        E        0       4
                temp                                 25       25        1        1       1
                smallconst                         1000     1000       10      800       0
                intcode_body                       12A4     12A4       5A      808       0
                text7                              1416     1416       20      808       0
                text6                              134A     134A       4C      808       0
                text5                              10FA     10FA       DC      808       0
                text4                              13D0     13D0       26      808       0
                text3                              11D6     11D6       CE      808       0
                text2                              12FE     12FE       4C      808       0
                text1                              13F6     13F6       20      808       0
                text0                              1010     1010       EA      808       0
                cstackCOMRAM                         1A       1A        A        1       1
                dataCOMRAM                            1        1        E        1       1
                bssCOMRAM                             F        F        B        1       1
                cinit                              1396     1396       3A      808       0
                nvCOMRAM                             24       24        1        1       1
                idataCOMRAM                        1436     1436        E      808       0

TOTAL           Name                               Link     Load   Length     Space
        CLASS   STACK          

        CLASS   CODE           
                intcode                               8        8        6         0
                init                                  E        E        4         0
                reset_vec                             0        0        4         0
                intcode_body                       12A4     12A4       5A         0
                text7                              1416     1416       20         0
                text6                              134A     134A       4C         0
                text5                              10FA     10FA       DC         0
                text4                              13D0     13D0       26         0
                text3                              11D6     11D6       CE         0
                text2                              12FE     12FE       4C         0
                text1                              13F6     13F6       20         0
                text0                              1010     1010       EA         0
                cinit                              1396     1396       3A         0
                idataCOMRAM                        1436     1436        E         0

        CLASS   CONST          

        CLASS   SMALLCONST     
                smallconst                         1000     1000       10         0

        CLASS   MEDIUMCONST    

        CLASS   COMRAM         
                temp                                 25       25        1         1
                cstackCOMRAM                         1A       1A        A         1
                dataCOMRAM                            1        1        E         1
                bssCOMRAM                             F        F        B         1
                nvCOMRAM                             24       24        1         1

        CLASS   ABS1           

        CLASS   BIGRAM         

        CLASS   RAM            

        CLASS   BANK0          

        CLASS   BANK1          

        CLASS   BANK2          

        CLASS   BANK3          

        CLASS   BANK4          

        CLASS   BANK5          

        CLASS   BANK6          

        CLASS   BANK7          

        CLASS   BANK8          

        CLASS   BANK9          

        CLASS   BANK10         

        CLASS   BANK11         

        CLASS   BANK12         

        CLASS   BANK13         

        CLASS   BANK14         

        CLASS   BANK15         

        CLASS   SFR            

        CLASS   CONFIG         
                config                           300000   300000        E         4

        CLASS   IDLOC          
                idloc                            200000   200000        8         5

        CLASS   EEDATA         

        CLASS   FARRAM         



SEGMENTS        Name                           Load    Length   Top    Selector   Space  Class

                reset_vec                      000000  000004  000004         0       0  CODE    
                dataCOMRAM                     000001  000025  000026         1       1  COMRAM  
                intcode                        000008  00000A  000012         4       0  CODE    
                smallconst                     001000  000010  001010       800       0  SMALLCON
                text0                          001010  000434  001444       808       0  CODE    


UNUSED ADDRESS RANGES

        Name                Unused          Largest block    Delta
        BANK0            000080-0000FF               80
        BANK1            000100-0001FF              100
        BANK10           000A00-000AFF              100
        BANK11           000B00-000BFF              100
        BANK12           000C00-000CFF              100
        BANK13           000D00-000DFF              100
        BANK14           000E00-000EFF              100
        BANK15           000F00-000F7F               80
        BANK2            000200-0002FF              100
        BANK3            000300-0003FF              100
        BANK4            000400-0004FF              100
        BANK5            000500-0005FF              100
        BANK6            000600-0006FF              100
        BANK7            000700-0007FF              100
        BANK8            000800-0008FF              100
        BANK9            000900-0009FF              100
        BIGRAM           000026-000F7F              F5A
        CODE             000004-000007                4
                         000012-000FFF              FEE
                         001444-00FFFF             EBBC
        COMRAM           000026-00007F               5A
        CONST            000004-000007                4
                         000012-000FFF              FEE
                         001444-00FFFF             EBBC
        EEDATA           F00000-F003FF              400
        MEDIUMCONST      001444-00FFFF             EBBC
        RAM              000080-000F7F              100
        SFR              000F80-000FFF               80
        SMALLCONST       001444-00FFFF              100
        STACK            000080-000F7F              F00

                                  Symbol Table

LCD_set_cursor_position@ddram_addr  cstackCOMRAM 00001F
LCD_set_cursor_position@line        cstackCOMRAM 000020
LCD_set_cursor_position@pos_on_line cstackCOMRAM 00001D
LCD_write_data_byte_4bit@data       cstackCOMRAM 00001C
LCD_write_instr_byte_4bit@instr     cstackCOMRAM 00001C
LCD_write_instr_byte_8bit@instr     cstackCOMRAM 00001C
_CCP2CON                            (abs)        000FBA
_CCPR2                              (abs)        000FBB
_INTCONbits                         (abs)        000FF2
_LATCbits                           (abs)        000F8B
_LATDbits                           (abs)        000F8C
_LCD_Init_ECE376                    text5        0010FA
_LCD_enable_toggle                  text7        001416
_LCD_set_cursor_position            text3        0011D6
_LCD_write_data_byte_4bit           text2        0012FE
_LCD_write_instr_byte_4bit          text6        00134A
_LCD_write_instr_byte_8bit          text4        0013D0
_PIE1bits                           (abs)        000F9D
_PIE2bits                           (abs)        000FA0
_PIR1bits                           (abs)        000F9E
_PORTC                              (abs)        000F82
_PORTD                              (abs)        000F83
_PORTDbits                          (abs)        000F83
_SPI_Init_Slave_Default             text1        0013F6
_SSPBUF                             (abs)        000FC9
_SSPCON1                            (abs)        000FC6
_SSPCON1bits                        (abs)        000FC6
_SSPSTAT                            (abs)        000FC7
_T1CON                              (abs)        000FCD
_T3CON                              (abs)        000FB1
_TRISA                              (abs)        000F92
_TRISC                              (abs)        000F94
_TRISD                              (abs)        000F95
_TRISDbits                          (abs)        000F95
__HRAM                              (abs)        000000
__Habs1                             abs1         000000
__Hbank0                            bank0        000000
__Hbank1                            bank1        000000
__Hbank10                           bank10       000000
__Hbank11                           bank11       000000
__Hbank12                           bank12       000000
__Hbank13                           bank13       000000
__Hbank14                           bank14       000000
__Hbank15                           bank15       000000
__Hbank2                            bank2        000000
__Hbank3                            bank3        000000
__Hbank4                            bank4        000000
__Hbank5                            bank5        000000
__Hbank6                            bank6        000000
__Hbank7                            bank7        000000
__Hbank8                            bank8        000000
__Hbank9                            bank9        000000
__Hbigbss                           bigbss       000000
__Hbigdata                          bigdata      000000
__Hbigram                           bigram       000000
__Hbss                              bss          000000
__HbssCOMRAM                        bssCOMRAM    000000
__Hcinit                            cinit        000000
__Hclrtext                          clrtext      000000
__Hcomram                           comram       000000
__Hconfig                           config       30000E
__Hconst                            const        000000
__HcstackCOMRAM                     cstackCOMRAM 000000
__Hdata                             data         000000
__HdataCOMRAM                       dataCOMRAM   000000
__Heeprom_data                      eeprom_data  000000
__Hfarbss                           farbss       000000
__Hfardata                          fardata      000000
__Hibigdata                         ibigdata     000000
__Hidata                            idata        000000
__HidataCOMRAM                      idataCOMRAM  000000
__Hidloc                            idloc        200008
__Hifardata                         ifardata     000000
__Hinit                             init         000012
__Hintcode                          intcode      00000E
__Hintcode_body                     intcode_body 000000
__Hintcodelo                        intcodelo    00000E
__Hintentry                         intentry     000000
__Hintret                           intret       000000
__Hintsave_regs                     intsave_regs 000000
__Hirdata                           irdata       000000
__Hmediumconst                      mediumconst  000000
__HnvCOMRAM                         nvCOMRAM     000000
__HnvFARRAM                         nvFARRAM     000000
__Hnvbit                            nvbit        000000
__Hnvrram                           nvrram       000000
__Hparam                            rparam       000000
__Hpowerup                          powerup      00000E
__Hram                              ram          000000
__Hramtop                           ramtop       001000
__Hrbit                             rbit         000000
__Hrbss                             rbss         000000
__Hrdata                            rdata        000000
__Hreset_vec                        reset_vec    000004
__Hrparam                           rparam       000000
__Hsfr                              sfr          000000
__Hsmallconst                       smallconst   001010
__Hspace_0                          (abs)        001444
__Hspace_1                          (abs)        000026
__Hspace_2                          (abs)        000000
__Hspace_4                          (abs)        60000E
__Hstack                            stack        000000
__Hstruct                           struct       000000
__Htemp                             temp         000026
__Htext                             text         000000
__Htext0                            text0        000000
__Htext1                            text1        000000
__Htext2                            text2        000000
__Htext3                            text3        000000
__Htext4                            text4        000000
__Htext5                            text5        000000
__Htext6                            text6        000000
__Htext7                            text7        000000
__LRAM                              (abs)        000001
__Labs1                             abs1         000000
__Lbank0                            bank0        000000
__Lbank1                            bank1        000000
__Lbank10                           bank10       000000
__Lbank11                           bank11       000000
__Lbank12                           bank12       000000
__Lbank13                           bank13       000000
__Lbank14                           bank14       000000
__Lbank15                           bank15       000000
__Lbank2                            bank2        000000
__Lbank3                            bank3        000000
__Lbank4                            bank4        000000
__Lbank5                            bank5        000000
__Lbank6                            bank6        000000
__Lbank7                            bank7        000000
__Lbank8                            bank8        000000
__Lbank9                            bank9        000000
__Lbigbss                           bigbss       000000
__Lbigdata                          bigdata      000000
__Lbigram                           bigram       000000
__Lbss                              bss          000000
__LbssCOMRAM                        bssCOMRAM    000000
__Lcinit                            cinit        000000
__Lclrtext                          clrtext      000000
__Lcomram                           comram       000000
__Lconfig                           config       000000
__Lconst                            const        000000
__LcstackCOMRAM                     cstackCOMRAM 000000
__Ldata                             data         000000
__LdataCOMRAM                       dataCOMRAM   000000
__Leeprom_data                      eeprom_data  000000
__Lfarbss                           farbss       000000
__Lfardata                          fardata      000000
__Libigdata                         ibigdata     000000
__Lidata                            idata        000000
__LidataCOMRAM                      idataCOMRAM  000000
__Lidloc                            idloc        000000
__Lifardata                         ifardata     000000
__Linit                             init         00000E
__Lintcode                          intcode      000008
__Lintcode_body                     intcode_body 000000
__Lintcodelo                        intcodelo    00000E
__Lintentry                         intentry     000000
__Lintret                           intret       000000
__Lintsave_regs                     intsave_regs 000000
__Lirdata                           irdata       000000
__Lmediumconst                      mediumconst  000000
__LnvCOMRAM                         nvCOMRAM     000000
__LnvFARRAM                         nvFARRAM     000000
__Lnvbit                            nvbit        000000
__Lnvrram                           nvrram       000000
__Lparam                            rparam       000000
__Lpowerup                          powerup      00000E
__Lram                              ram          000000
__Lramtop                           ramtop       001000
__Lrbit                             rbit         000000
__Lrbss                             rbss         000000
__Lrdata                            rdata        000000
__Lreset_vec                        reset_vec    000000
__Lrparam                           rparam       000000
__Lsfr                              sfr          000000
__Lsmallconst                       smallconst   001000
__Lspace_0                          (abs)        000000
__Lspace_1                          (abs)        000000
__Lspace_2                          (abs)        000000
__Lspace_4                          (abs)        000000
__Lstack                            stack        000000
__Lstruct                           struct       000000
__Ltemp                             temp         000025
__Ltext                             text         000000
__Ltext0                            text0        000000
__Ltext1                            text1        000000
__Ltext2                            text2        000000
__Ltext3                            text3        000000
__Ltext4                            text4        000000
__Ltext5                            text5        000000
__Ltext6                            text6        000000
__Ltext7                            text7        000000
__S0                                (abs)        001444
__S1                                (abs)        000026
__S2                                (abs)        000000
__S4                                (abs)        000000
__S5                                (abs)        000000
___inthi_sp                         stack        000000
___intlo_sp                         stack        000000
___param_bank                       (abs)        000000
___rparam_used                      (abs)        000001
___sp                               stack        000000
__accesstop                         (abs)        000080
__activetblptr                      (abs)        000002
__end_of_LCD_Init_ECE376            text5        0011D6
__end_of_LCD_enable_toggle          text7        001436
__end_of_LCD_set_cursor_position    text3        0012A4
__end_of_LCD_write_data_byte_4bit   text2        00134A
__end_of_LCD_write_instr_byte_4bit  text6        001396
__end_of_LCD_write_instr_byte_8bit  text4        0013F6
__end_of_SPI_Init_Slave_Default     text1        001416
__end_of__initialization            cinit        0013C2
__end_of_isr                        intcode_body 0012FE
__end_of_main                       text0        0010FA
__end_of_spi_rx_invalid_msg         smallconst   00100E
__initialization                    cinit        001396
__mediumconst                       mediumconst  000000
__pbssCOMRAM                        bssCOMRAM    00000F
__pcinit                            cinit        001396
__pcstackCOMRAM                     cstackCOMRAM 00001A
__pdataCOMRAM                       dataCOMRAM   000001
__pidataCOMRAM                      idataCOMRAM  001436
__pintcode                          intcode      000008
__pintcode_body                     intcode_body 0012A4
__pnvCOMRAM                         nvCOMRAM     000024
__psmallconst                       smallconst   001000
__ptext0                            text0        001010
__ptext1                            text1        0013F6
__ptext2                            text2        0012FE
__ptext3                            text3        0011D6
__ptext4                            text4        0013D0
__ptext5                            text5        0010FA
__ptext6                            text6        00134A
__ptext7                            text7        001416
__ramtop                            ramtop       001000
__size_of_LCD_Init_ECE376           (abs)        000000
__size_of_LCD_enable_toggle         (abs)        000000
__size_of_LCD_set_cursor_position   (abs)        000000
__size_of_LCD_write_data_byte_4bit  (abs)        000000
__size_of_LCD_write_instr_byte_4bit (abs)        000000
__size_of_LCD_write_instr_byte_8bit (abs)        000000
__size_of_SPI_Init_Slave_Default    (abs)        000000
__size_of_isr                       (abs)        000000
__size_of_main                      (abs)        000000
__smallconst                        smallconst   001000
_address_counter                    bssCOMRAM    000011
_button1_msg                        dataCOMRAM   000006
_button1_state                      bssCOMRAM    000015
_button2_msg                        dataCOMRAM   000001
_button2_state                      bssCOMRAM    000014
_current_disp_ctrl                  dataCOMRAM   00000E
_current_entry_mode                 dataCOMRAM   00000C
_current_func_set                   dataCOMRAM   00000B
_init_complete                      bssCOMRAM    000013
_isr                                intcode      000008
_main                               text0        001010
_manual_transfer                    bssCOMRAM    00000F
_receive_byte                       bssCOMRAM    000010
_slave_mode                         nvCOMRAM     000024
_spi_rx_flag                        bssCOMRAM    000016
_spi_rx_invalid_flag                bssCOMRAM    000017
_spi_rx_invalid_msg                 smallconst   001001
_spi_rx_message_buf                 bssCOMRAM    000018
_transfer_complete_flag             bssCOMRAM    000019
btemp                               temp         000025
end_of_initialization               cinit        0013C2
int$flags                           temp         000025
int_func                            intcode_body 0012A4
intlevel0                           text         000000
intlevel1                           text         000000
intlevel2                           text         000000
intlevel3                           text         000000
main@i                              cstackCOMRAM 000021
main@i_197                          cstackCOMRAM 000022
main@i_198                          cstackCOMRAM 000023
stackhi                             (abs)        000F7F
stacklo                             (abs)        000080
start                               init         00000E
start_initialization                cinit        001396
ttemp5                              temp         000026
ttemp6                              temp         000029
ttemp7                              temp         00002D
wtemp8                              temp         000026


FUNCTION INFORMATION:

 *************** function _main *****************
 Defined at:
		line 178 in file "main.c"
 Parameters:    Size  Location     Type
		None
 Auto vars:     Size  Location     Type
  i               1    9[COMRAM] unsigned char 
  i               1    8[COMRAM] unsigned char 
  i               1    7[COMRAM] unsigned char 
 Return value:  Size  Location     Type
                  1    wreg      void 
 Registers used:
		wreg, fsr2l, fsr2h, status,2, status,0, tblptrl, tblptrh, tblptru, cstack
 Tracked objects:
		On entry : 
		On exit  : 
		Unchanged: 
 Data sizes:     COMRAM   BANK0   BANK1   BANK2   BANK3   BANK4   BANK5   BANK6   BANK7   BANK8   BANK9  BANK10  BANK11  BANK12  BANK13  BANK14  BANK15
      Params:         0       0       0       0       0       0       0       0       0       0       0       0       0       0       0       0       0
      Locals:         3       0       0       0       0       0       0       0       0       0       0       0       0       0       0       0       0
      Temps:          0       0       0       0       0       0       0       0       0       0       0       0       0       0       0       0       0
      Totals:         3       0       0       0       0       0       0       0       0       0       0       0       0       0       0       0       0
Total ram usage:        3 bytes
 Hardware stack levels required when called:    4
 This function calls:
		_LCD_Init_ECE376
		_LCD_set_cursor_position
		_LCD_write_data_byte_4bit
		_SPI_Init_Slave_Default
 This function is called by:
		Startup code after reset
 This function uses a non-reentrant model


 *************** function _SPI_Init_Slave_Default *****************
 Defined at:
		line 69 in file "src/mssp_spi_driver.c"
 Parameters:    Size  Location     Type
		None
 Auto vars:     Size  Location     Type
		None
 Return value:  Size  Location     Type
                  1    wreg      void 
 Registers used:
		wreg, status,2, status,0
 Tracked objects:
		On entry : 
		On exit  : 
		Unchanged: 
 Data sizes:     COMRAM   BANK0   BANK1   BANK2   BANK3   BANK4   BANK5   BANK6   BANK7   BANK8   BANK9  BANK10  BANK11  BANK12  BANK13  BANK14  BANK15
      Params:         0       0       0       0       0       0       0       0       0       0       0       0       0       0       0       0       0
      Locals:         0       0       0       0       0       0       0       0       0       0       0       0       0       0       0       0       0
      Temps:          0       0       0       0       0       0       0       0       0       0       0       0       0       0       0       0       0
      Totals:         0       0       0       0       0       0       0       0       0       0       0       0       0       0       0       0       0
Total ram usage:        0 bytes
 Hardware stack levels used:    1
 Hardware stack levels required when called:    1
 This function calls:
		Nothing
 This function is called by:
		_main
 This function uses a non-reentrant model


 *************** function _LCD_write_data_byte_4bit *****************
 Defined at:
		line 45 in file "src/lcd_driver.c"
 Parameters:    Size  Location     Type
  data            1    wreg     unsigned char 
 Auto vars:     Size  Location     Type
  data            1    2[COMRAM] unsigned char 
 Return value:  Size  Location     Type
                  1    wreg      void 
 Registers used:
		wreg, status,2, status,0, cstack
 Tracked objects:
		On entry : 
		On exit  : 
		Unchanged: 
 Data sizes:     COMRAM   BANK0   BANK1   BANK2   BANK3   BANK4   BANK5   BANK6   BANK7   BANK8   BANK9  BANK10  BANK11  BANK12  BANK13  BANK14  BANK15
      Params:         0       0       0       0       0       0       0       0       0       0       0       0       0       0       0       0       0
      Locals:         1       0       0       0       0       0       0       0       0       0       0       0       0       0       0       0       0
      Temps:          1       0       0       0       0       0       0       0       0       0       0       0       0       0       0       0       0
      Totals:         2       0       0       0       0       0       0       0       0       0       0       0       0       0       0       0       0
Total ram usage:        2 bytes
 Hardware stack levels used:    1
 Hardware stack levels required when called:    2
 This function calls:
		_LCD_enable_toggle
 This function is called by:
		_main
 This function uses a non-reentrant model


 *************** function _LCD_set_cursor_position *****************
 Defined at:
		line 251 in file "src/lcd_driver.c"
 Parameters:    Size  Location     Type
  line            1    wreg     unsigned char 
  pos_on_line     1    3[COMRAM] unsigned char 
 Auto vars:     Size  Location     Type
  line            1    6[COMRAM] unsigned char 
  ddram_addr      1    5[COMRAM] unsigned char 
 Return value:  Size  Location     Type
                  1    wreg      unsigned char 
 Registers used:
		wreg, status,2, status,0, cstack
 Tracked objects:
		On entry : 
		On exit  : 
		Unchanged: 
 Data sizes:     COMRAM   BANK0   BANK1   BANK2   BANK3   BANK4   BANK5   BANK6   BANK7   BANK8   BANK9  BANK10  BANK11  BANK12  BANK13  BANK14  BANK15
      Params:         1       0       0       0       0       0       0       0       0       0       0       0       0       0       0       0       0
      Locals:         2       0       0       0       0       0       0       0       0       0       0       0       0       0       0       0       0
      Temps:          1       0       0       0       0       0       0       0       0       0       0       0       0       0       0       0       0
      Totals:         4       0       0       0       0       0       0       0       0       0       0       0       0       0       0       0       0
Total ram usage:        4 bytes
 Hardware stack levels used:    1
 Hardware stack levels required when called:    3
 This function calls:
		_LCD_write_instr_byte_4bit
		_LCD_write_instr_byte_8bit
 This function is called by:
		_main
 This function uses a non-reentrant model


 *************** function _LCD_write_instr_byte_8bit *****************
 Defined at:
		line 92 in file "src/lcd_driver.c"
 Parameters:    Size  Location     Type
  instr           1    wreg     unsigned char 
 Auto vars:     Size  Location     Type
  instr           1    2[COMRAM] unsigned char 
 Return value:  Size  Location     Type
                  1    wreg      void 
 Registers used:
		wreg, status,2, status,0, cstack
 Tracked objects:
		On entry : 
		On exit  : 
		Unchanged: 
 Data sizes:     COMRAM   BANK0   BANK1   BANK2   BANK3   BANK4   BANK5   BANK6   BANK7   BANK8   BANK9  BANK10  BANK11  BANK12  BANK13  BANK14  BANK15
      Params:         0       0       0       0       0       0       0       0       0       0       0       0       0       0       0       0       0
      Locals:         1       0       0       0       0       0       0       0       0       0       0       0       0       0       0       0       0
      Temps:          1       0       0       0       0       0       0       0       0       0       0       0       0       0       0       0       0
      Totals:         2       0       0       0       0       0       0       0       0       0       0       0       0       0       0       0       0
Total ram usage:        2 bytes
 Hardware stack levels used:    1
 Hardware stack levels required when called:    2
 This function calls:
		_LCD_enable_toggle
 This function is called by:
		_LCD_set_cursor_position
		_LCD_clear_display
		_LCD_return_home
 This function uses a non-reentrant model


 *************** function _LCD_Init_ECE376 *****************
 Defined at:
		line 106 in file "src/lcd_driver.c"
 Parameters:    Size  Location     Type
		None
 Auto vars:     Size  Location     Type
		None
 Return value:  Size  Location     Type
                  1    wreg      void 
 Registers used:
		wreg, status,2, status,0, cstack
 Tracked objects:
		On entry : 
		On exit  : 
		Unchanged: 
 Data sizes:     COMRAM   BANK0   BANK1   BANK2   BANK3   BANK4   BANK5   BANK6   BANK7   BANK8   BANK9  BANK10  BANK11  BANK12  BANK13  BANK14  BANK15
      Params:         0       0       0       0       0       0       0       0       0       0       0       0       0       0       0       0       0
      Locals:         0       0       0       0       0       0       0       0       0       0       0       0       0       0       0       0       0
      Temps:          2       0       0       0       0       0       0       0       0       0       0       0       0       0       0       0       0
      Totals:         2       0       0       0       0       0       0       0       0       0       0       0       0       0       0       0       0
Total ram usage:        2 bytes
 Hardware stack levels used:    1
 Hardware stack levels required when called:    3
 This function calls:
		_LCD_write_instr_byte_4bit
 This function is called by:
		_main
 This function uses a non-reentrant model


 *************** function _LCD_write_instr_byte_4bit *****************
 Defined at:
		line 76 in file "src/lcd_driver.c"
 Parameters:    Size  Location     Type
  instr           1    wreg     unsigned char 
 Auto vars:     Size  Location     Type
  instr           1    2[COMRAM] unsigned char 
 Return value:  Size  Location     Type
                  1    wreg      void 
 Registers used:
		wreg, status,2, status,0, cstack
 Tracked objects:
		On entry : 
		On exit  : 
		Unchanged: 
 Data sizes:     COMRAM   BANK0   BANK1   BANK2   BANK3   BANK4   BANK5   BANK6   BANK7   BANK8   BANK9  BANK10  BANK11  BANK12  BANK13  BANK14  BANK15
      Params:         0       0       0       0       0       0       0       0       0       0       0       0       0       0       0       0       0
      Locals:         1       0       0       0       0       0       0       0       0       0       0       0       0       0       0       0       0
      Temps:          1       0       0       0       0       0       0       0       0       0       0       0       0       0       0       0       0
      Totals:         2       0       0       0       0       0       0       0       0       0       0       0       0       0       0       0       0
Total ram usage:        2 bytes
 Hardware stack levels used:    1
 Hardware stack levels required when called:    2
 This function calls:
		_LCD_enable_toggle
 This function is called by:
		_LCD_Init_ECE376
		_LCD_set_cursor_position
		_LCD_clear_display
		_LCD_return_home
 This function uses a non-reentrant model


 *************** function _LCD_enable_toggle *****************
 Defined at:
		line 25 in file "src/lcd_driver.c"
 Parameters:    Size  Location     Type
		None
 Auto vars:     Size  Location     Type
		None
 Return value:  Size  Location     Type
                  1    wreg      void 
 Registers used:
		wreg
 Tracked objects:
		On entry : 
		On exit  : 
		Unchanged: 
 Data sizes:     COMRAM   BANK0   BANK1   BANK2   BANK3   BANK4   BANK5   BANK6   BANK7   BANK8   BANK9  BANK10  BANK11  BANK12  BANK13  BANK14  BANK15
      Params:         0       0       0       0       0       0       0       0       0       0       0       0       0       0       0       0       0
      Locals:         0       0       0       0       0       0       0       0       0       0       0       0       0       0       0       0       0
      Temps:          0       0       0       0       0       0       0       0       0       0       0       0       0       0       0       0       0
      Totals:         0       0       0       0       0       0       0       0       0       0       0       0       0       0       0       0       0
Total ram usage:        0 bytes
 Hardware stack levels used:    1
 Hardware stack levels required when called:    1
 This function calls:
		Nothing
 This function is called by:
		_LCD_write_data_byte_4bit
		_LCD_write_instr_byte_4bit
		_LCD_write_instr_byte_8bit
		_LCD_wait_for_BF
		_LCD_write_data_byte_8bit
		_LCD_Init
		_LCD_read_current_address_counter
		_LCD_write_characters
		_LCD_turn_off_cursor
		_LCD_turn_on_cursor
 This function uses a non-reentrant model


 *************** function _isr *****************
 Defined at:
		line 124 in file "main.c"
 Parameters:    Size  Location     Type
		None
 Auto vars:     Size  Location     Type
		None
 Return value:  Size  Location     Type
                  1    wreg      void 
 Registers used:
		wreg, status,2, status,0
 Tracked objects:
		On entry : 
		On exit  : 
		Unchanged: 
 Data sizes:     COMRAM   BANK0   BANK1   BANK2   BANK3   BANK4   BANK5   BANK6   BANK7   BANK8   BANK9  BANK10  BANK11  BANK12  BANK13  BANK14  BANK15
      Params:         0       0       0       0       0       0       0       0       0       0       0       0       0       0       0       0       0
      Locals:         0       0       0       0       0       0       0       0       0       0       0       0       0       0       0       0       0
      Temps:          1       0       0       0       0       0       0       0       0       0       0       0       0       0       0       0       0
      Totals:         1       0       0       0       0       0       0       0       0       0       0       0       0       0       0       0       0
Total ram usage:        1 bytes
 Hardware stack levels used:    1
 This function calls:
		Nothing
 This function is called by:
		Interrupt level 2
 This function uses a non-reentrant model



MODULE INFORMATION

Module		Function		Class		Link	Load	Size
src/mssp_spi_driver.c
		_SPI_Init_Slave_Default		CODE           	13F6	0000	32

src/mssp_spi_driver.c estimated size: 32

src/lcd_driver.c
		_LCD_Init_ECE376		CODE           	10FA	0000	220
		_LCD_write_instr_byte_4bit		CODE           	134A	0000	76
		_LCD_enable_toggle		CODE           	1416	0000	32
		_LCD_write_data_byte_4bit		CODE           	12FE	0000	76
		_LCD_write_instr_byte_8bit		CODE           	13D0	0000	38
		_LCD_set_cursor_position		CODE           	11D6	0000	206

src/lcd_driver.c estimated size: 648

shared
		_spi_rx_invalid_msg		SMALLCONST     	1001	0000	13
		__initialization		CODE           	1396	0000	44

shared estimated size: 57

main.c
		_main          		CODE           	1010	0000	234
		_isr           		CODE           	0008	0000	96

main.c estimated size: 330

