Microchip MPLAB XC8 Compiler V2.31

Linker command line:

-W-3 --edf=C:\Program Files\Microchip\xc8\v2.31\pic\dat\en_msgs.txt -cn \
  -h+dist/default/production\can_node_board_SW.X.production.sym \
  --cmf=dist/default/production\can_node_board_SW.X.production.cmf -z \
  -Q18F4620 -oC:\Users\almos\AppData\Local\Temp\s5r4.3 \
  --defsym=__MPLAB_BUILD=1 \
  -Mdist/default/production/can_node_board_SW.X.production.map -E1 \
  -ver=XC8 Compiler --acfsm=1493 -ASTACK=080h-0F7Fh -pstack=STACK \
  -ACODE=00h-0FFFFh -ACONST=00h-0FFFFh -ASMALLCONST=01000h-010FFhx240 \
  -AMEDIUMCONST=01000h-0FFFFh -ACOMRAM=01h-07Fh -AABS1=00h-0F7Fh \
  -ABIGRAM=01h-0F7Fh -ARAM=080h-0FFh,0100h-01FFhx14,0F00h-0F7Fh \
  -ABANK0=080h-0FFh -ABANK1=0100h-01FFh -ABANK2=0200h-02FFh \
  -ABANK3=0300h-03FFh -ABANK4=0400h-04FFh -ABANK5=0500h-05FFh \
  -ABANK6=0600h-06FFh -ABANK7=0700h-07FFh -ABANK8=0800h-08FFh \
  -ABANK9=0900h-09FFh -ABANK10=0A00h-0AFFh -ABANK11=0B00h-0BFFh \
  -ABANK12=0C00h-0CFFh -ABANK13=0D00h-0DFFh -ABANK14=0E00h-0EFFh \
  -ABANK15=0F00h-0F7Fh -ASFR=0F80h-0FFFh -ACONFIG=0300000h-030000Dh \
  -AIDLOC=0200000h-0200007h -AEEDATA=0F00000h-0F003FFh -peeprom_data=EEDATA \
  -preset_vec=00h,intcode=08h,intcodelo,powerup,init -pramtop=01000h \
  -psmallconst=SMALLCONST -pmediumconst=MEDIUMCONST -pconst=CONST \
  -AFARRAM=00h-00h \
  -prdata=COMRAM,nvrram=COMRAM,nvbit=COMRAM,rbss=COMRAM,rbit=COMRAM \
  -pfarbss=FARRAM,fardata=FARRAM,nvFARRAM=FARRAM \
  -pintsave_regs=BIGRAM,bigbss=BIGRAM,bigdata=BIGRAM -pbss=RAM \
  -pidata=CODE,irdata=CODE,ibigdata=CODE,ifardata=CODE -prparam=COMRAM \
  C:\Users\almos\AppData\Local\Temp\s5r4.o \
  dist/default/production\can_node_board_SW.X.production.o 

Object code version is 3.11

Machine type is 18F4620



                Name                               Link     Load   Length Selector   Space Scale
C:\Users\almos\AppData\Local\Temp\s5r4.o
                idloc                            200000   200000        8        0       5
                config                           300000   300000        E        0       4
                init                                  E        E        4        4       0
                reset_vec                             0        0        4        0       0
dist/default/production\can_node_board_SW.X.production.o
                intcode                               8        8        6        4       0
                idloc                            200000   200000        8        0       5
                config                           300000   300000        E        0       4
                temp                                 6C       6C        1        1       1
                smallconst                         1000     1000       10      800       0
                intcode_body                       141A     141A       56      808       0
                text8                              1352     1352       C8      808       0
                text7                              14BC     14BC       4C      808       0
                text6                              11A4     11A4       E4      808       0
                text5                              15AE     15AE       26      808       0
                text4                              157E     157E       30      808       0
                text3                              1288     1288       CA      808       0
                text2                              1470     1470       4C      808       0
                text1                              15D4     15D4       20      808       0
                text0                              1010     1010      194      808       0
                cstackCOMRAM                         3D       3D       20        1       1
                dataCOMRAM                            1        1       3C        1       1
                bssCOMRAM                            5D       5D        F        1       1
                cinit                              1544     1544       3A      808       0
                idataCOMRAM                        1508     1508       3C      808       0

TOTAL           Name                               Link     Load   Length     Space
        CLASS   STACK          

        CLASS   CODE           
                intcode                               8        8        6         0
                init                                  E        E        4         0
                reset_vec                             0        0        4         0
                intcode_body                       141A     141A       56         0
                text8                              1352     1352       C8         0
                text7                              14BC     14BC       4C         0
                text6                              11A4     11A4       E4         0
                text5                              15AE     15AE       26         0
                text4                              157E     157E       30         0
                text3                              1288     1288       CA         0
                text2                              1470     1470       4C         0
                text1                              15D4     15D4       20         0
                text0                              1010     1010      194         0
                cinit                              1544     1544       3A         0
                idataCOMRAM                        1508     1508       3C         0

        CLASS   CONST          

        CLASS   SMALLCONST     
                smallconst                         1000     1000       10         0

        CLASS   MEDIUMCONST    

        CLASS   COMRAM         
                temp                                 6C       6C        1         1
                cstackCOMRAM                         3D       3D       20         1
                dataCOMRAM                            1        1       3C         1
                bssCOMRAM                            5D       5D        F         1

        CLASS   ABS1           

        CLASS   BIGRAM         

        CLASS   RAM            

        CLASS   BANK0          

        CLASS   BANK1          

        CLASS   BANK2          

        CLASS   BANK3          

        CLASS   BANK4          

        CLASS   BANK5          

        CLASS   BANK6          

        CLASS   BANK7          

        CLASS   BANK8          

        CLASS   BANK9          

        CLASS   BANK10         

        CLASS   BANK11         

        CLASS   BANK12         

        CLASS   BANK13         

        CLASS   BANK14         

        CLASS   BANK15         

        CLASS   SFR            

        CLASS   CONFIG         
                config                           300000   300000        E         4

        CLASS   IDLOC          
                idloc                            200000   200000        8         5

        CLASS   EEDATA         

        CLASS   FARRAM         



SEGMENTS        Name                           Load    Length   Top    Selector   Space  Class

                reset_vec                      000000  000004  000004         0       0  CODE    
                dataCOMRAM                     000001  00006C  00006D         1       1  COMRAM  
                intcode                        000008  00000A  000012         4       0  CODE    
                smallconst                     001000  000010  001010       800       0  SMALLCON
                text0                          001010  0005E4  0015F4       808       0  CODE    


UNUSED ADDRESS RANGES

        Name                Unused          Largest block    Delta
        BANK0            000080-0000FF               80
        BANK1            000100-0001FF              100
        BANK10           000A00-000AFF              100
        BANK11           000B00-000BFF              100
        BANK12           000C00-000CFF              100
        BANK13           000D00-000DFF              100
        BANK14           000E00-000EFF              100
        BANK15           000F00-000F7F               80
        BANK2            000200-0002FF              100
        BANK3            000300-0003FF              100
        BANK4            000400-0004FF              100
        BANK5            000500-0005FF              100
        BANK6            000600-0006FF              100
        BANK7            000700-0007FF              100
        BANK8            000800-0008FF              100
        BANK9            000900-0009FF              100
        BIGRAM           00006D-000F7F              F13
        CODE             000004-000007                4
                         000012-000FFF              FEE
                         0015F4-00FFFF             EA0C
        COMRAM           00006D-00007F               13
        CONST            000004-000007                4
                         000012-000FFF              FEE
                         0015F4-00FFFF             EA0C
        EEDATA           F00000-F003FF              400
        MEDIUMCONST      0015F4-00FFFF             EA0C
        RAM              000080-000F7F              100
        SFR              000F80-000FFF               80
        SMALLCONST       0015F4-00FFFF              100
        STACK            000080-000F7F              F00

                                  Symbol Table

LCD_set_cursor_position@ddram_addr  cstackCOMRAM 000043
LCD_set_cursor_position@line        cstackCOMRAM 000044
LCD_set_cursor_position@pos_on_line cstackCOMRAM 000042
LCD_write_data_byte_4bit@data       cstackCOMRAM 000041
LCD_write_instr_byte_4bit@instr     cstackCOMRAM 000041
LCD_write_instr_byte_8bit@instr     cstackCOMRAM 000041
_CCP1CON                            (abs)        000FBD
_CCP2CON                            (abs)        000FBA
_CCPR1                              (abs)        000FBE
_CCPR2                              (abs)        000FBB
_CURRENT_DISP                       bssCOMRAM    00006B
_DISP_BIT_MODE                      bssCOMRAM    00006A
_INTCONbits                         (abs)        000FF2
_LATCbits                           (abs)        000F8B
_LATDbits                           (abs)        000F8C
_LCD_Init_ECE376                    text6        0011A4
_LCD_clear_display                  text4        00157E
_LCD_enable_toggle                  text8        001352
_LCD_set_cursor_position            text3        001288
_LCD_write_data_byte_4bit           text2        001470
_LCD_write_instr_byte_4bit          text7        0014BC
_LCD_write_instr_byte_8bit          text5        0015AE
_PIE1bits                           (abs)        000F9D
_PIE2bits                           (abs)        000FA0
_PIR1bits                           (abs)        000F9E
_PORTC                              (abs)        000F82
_PORTD                              (abs)        000F83
_PORTDbits                          (abs)        000F83
_SPI_Init_Slave_Default             text1        0015D4
_SSPBUF                             (abs)        000FC9
_SSPCON1                            (abs)        000FC6
_SSPCON1bits                        (abs)        000FC6
_SSPSTAT                            (abs)        000FC7
_T1CON                              (abs)        000FCD
_T3CON                              (abs)        000FB1
_TRISA                              (abs)        000F92
_TRISC                              (abs)        000F94
_TRISD                              (abs)        000F95
_TRISDbits                          (abs)        000F95
__HRAM                              (abs)        000000
__Habs1                             abs1         000000
__Hbank0                            bank0        000000
__Hbank1                            bank1        000000
__Hbank10                           bank10       000000
__Hbank11                           bank11       000000
__Hbank12                           bank12       000000
__Hbank13                           bank13       000000
__Hbank14                           bank14       000000
__Hbank15                           bank15       000000
__Hbank2                            bank2        000000
__Hbank3                            bank3        000000
__Hbank4                            bank4        000000
__Hbank5                            bank5        000000
__Hbank6                            bank6        000000
__Hbank7                            bank7        000000
__Hbank8                            bank8        000000
__Hbank9                            bank9        000000
__Hbigbss                           bigbss       000000
__Hbigdata                          bigdata      000000
__Hbigram                           bigram       000000
__Hbss                              bss          000000
__HbssCOMRAM                        bssCOMRAM    000000
__Hcinit                            cinit        000000
__Hclrtext                          clrtext      000000
__Hcomram                           comram       000000
__Hconfig                           config       30000E
__Hconst                            const        000000
__HcstackCOMRAM                     cstackCOMRAM 000000
__Hdata                             data         000000
__HdataCOMRAM                       dataCOMRAM   000000
__Heeprom_data                      eeprom_data  000000
__Hfarbss                           farbss       000000
__Hfardata                          fardata      000000
__Hibigdata                         ibigdata     000000
__Hidata                            idata        000000
__HidataCOMRAM                      idataCOMRAM  000000
__Hidloc                            idloc        200008
__Hifardata                         ifardata     000000
__Hinit                             init         000012
__Hintcode                          intcode      00000E
__Hintcode_body                     intcode_body 000000
__Hintcodelo                        intcodelo    00000E
__Hintentry                         intentry     000000
__Hintret                           intret       000000
__Hintsave_regs                     intsave_regs 000000
__Hirdata                           irdata       000000
__Hmediumconst                      mediumconst  000000
__HnvFARRAM                         nvFARRAM     000000
__Hnvbit                            nvbit        000000
__Hnvrram                           nvrram       000000
__Hparam                            rparam       000000
__Hpowerup                          powerup      00000E
__Hram                              ram          000000
__Hramtop                           ramtop       001000
__Hrbit                             rbit         000000
__Hrbss                             rbss         000000
__Hrdata                            rdata        000000
__Hreset_vec                        reset_vec    000004
__Hrparam                           rparam       000000
__Hsfr                              sfr          000000
__Hsmallconst                       smallconst   001010
__Hspace_0                          (abs)        0015F4
__Hspace_1                          (abs)        00006D
__Hspace_2                          (abs)        000000
__Hspace_4                          (abs)        60000E
__Hstack                            stack        000000
__Hstruct                           struct       000000
__Htemp                             temp         00006D
__Htext                             text         000000
__Htext0                            text0        000000
__Htext1                            text1        000000
__Htext2                            text2        000000
__Htext3                            text3        000000
__Htext4                            text4        000000
__Htext5                            text5        000000
__Htext6                            text6        000000
__Htext7                            text7        000000
__Htext8                            text8        000000
__LRAM                              (abs)        000001
__Labs1                             abs1         000000
__Lbank0                            bank0        000000
__Lbank1                            bank1        000000
__Lbank10                           bank10       000000
__Lbank11                           bank11       000000
__Lbank12                           bank12       000000
__Lbank13                           bank13       000000
__Lbank14                           bank14       000000
__Lbank15                           bank15       000000
__Lbank2                            bank2        000000
__Lbank3                            bank3        000000
__Lbank4                            bank4        000000
__Lbank5                            bank5        000000
__Lbank6                            bank6        000000
__Lbank7                            bank7        000000
__Lbank8                            bank8        000000
__Lbank9                            bank9        000000
__Lbigbss                           bigbss       000000
__Lbigdata                          bigdata      000000
__Lbigram                           bigram       000000
__Lbss                              bss          000000
__LbssCOMRAM                        bssCOMRAM    000000
__Lcinit                            cinit        000000
__Lclrtext                          clrtext      000000
__Lcomram                           comram       000000
__Lconfig                           config       000000
__Lconst                            const        000000
__LcstackCOMRAM                     cstackCOMRAM 000000
__Ldata                             data         000000
__LdataCOMRAM                       dataCOMRAM   000000
__Leeprom_data                      eeprom_data  000000
__Lfarbss                           farbss       000000
__Lfardata                          fardata      000000
__Libigdata                         ibigdata     000000
__Lidata                            idata        000000
__LidataCOMRAM                      idataCOMRAM  000000
__Lidloc                            idloc        000000
__Lifardata                         ifardata     000000
__Linit                             init         00000E
__Lintcode                          intcode      000008
__Lintcode_body                     intcode_body 000000
__Lintcodelo                        intcodelo    00000E
__Lintentry                         intentry     000000
__Lintret                           intret       000000
__Lintsave_regs                     intsave_regs 000000
__Lirdata                           irdata       000000
__Lmediumconst                      mediumconst  000000
__LnvFARRAM                         nvFARRAM     000000
__Lnvbit                            nvbit        000000
__Lnvrram                           nvrram       000000
__Lparam                            rparam       000000
__Lpowerup                          powerup      00000E
__Lram                              ram          000000
__Lramtop                           ramtop       001000
__Lrbit                             rbit         000000
__Lrbss                             rbss         000000
__Lrdata                            rdata        000000
__Lreset_vec                        reset_vec    000000
__Lrparam                           rparam       000000
__Lsfr                              sfr          000000
__Lsmallconst                       smallconst   001000
__Lspace_0                          (abs)        000000
__Lspace_1                          (abs)        000000
__Lspace_2                          (abs)        000000
__Lspace_4                          (abs)        000000
__Lstack                            stack        000000
__Lstruct                           struct       000000
__Ltemp                             temp         00006C
__Ltext                             text         000000
__Ltext0                            text0        000000
__Ltext1                            text1        000000
__Ltext2                            text2        000000
__Ltext3                            text3        000000
__Ltext4                            text4        000000
__Ltext5                            text5        000000
__Ltext6                            text6        000000
__Ltext7                            text7        000000
__Ltext8                            text8        000000
__S0                                (abs)        0015F4
__S1                                (abs)        00006D
__S2                                (abs)        000000
__S4                                (abs)        000000
__S5                                (abs)        000000
___inthi_sp                         stack        000000
___intlo_sp                         stack        000000
___param_bank                       (abs)        000000
___rparam_used                      (abs)        000001
___sp                               stack        000000
__accesstop                         (abs)        000080
__activetblptr                      (abs)        000002
__end_of_LCD_Init_ECE376            text6        001288
__end_of_LCD_clear_display          text4        0015AE
__end_of_LCD_enable_toggle          text8        00141A
__end_of_LCD_set_cursor_position    text3        001352
__end_of_LCD_write_data_byte_4bit   text2        0014BC
__end_of_LCD_write_instr_byte_4bit  text7        001508
__end_of_LCD_write_instr_byte_8bit  text5        0015D4
__end_of_SPI_Init_Slave_Default     text1        0015F4
__end_of__initialization            cinit        001570
__end_of_isr                        intcode_body 001470
__end_of_main                       text0        0011A4
__end_of_spi_rx_invalid_msg         smallconst   00100E
__initialization                    cinit        001544
__mediumconst                       mediumconst  000000
__pbssCOMRAM                        bssCOMRAM    00005D
__pcinit                            cinit        001544
__pcstackCOMRAM                     cstackCOMRAM 00003D
__pdataCOMRAM                       dataCOMRAM   000001
__pidataCOMRAM                      idataCOMRAM  001508
__pintcode                          intcode      000008
__pintcode_body                     intcode_body 00141A
__psmallconst                       smallconst   001000
__ptext0                            text0        001010
__ptext1                            text1        0015D4
__ptext2                            text2        001470
__ptext3                            text3        001288
__ptext4                            text4        00157E
__ptext5                            text5        0015AE
__ptext6                            text6        0011A4
__ptext7                            text7        0014BC
__ptext8                            text8        001352
__ramtop                            ramtop       001000
__size_of_LCD_Init_ECE376           (abs)        000000
__size_of_LCD_clear_display         (abs)        000000
__size_of_LCD_enable_toggle         (abs)        000000
__size_of_LCD_set_cursor_position   (abs)        000000
__size_of_LCD_write_data_byte_4bit  (abs)        000000
__size_of_LCD_write_instr_byte_4bit (abs)        000000
__size_of_LCD_write_instr_byte_8bit (abs)        000000
__size_of_SPI_Init_Slave_Default    (abs)        000000
__size_of_isr                       (abs)        000000
__size_of_main                      (abs)        000000
__smallconst                        smallconst   001000
_address_counter                    bssCOMRAM    000067
_button1_msg                        dataCOMRAM   000034
_button1_state                      bssCOMRAM    00005E
_button2_msg                        dataCOMRAM   00002F
_button2_state                      bssCOMRAM    00005D
_current_disp_ctrl                  dataCOMRAM   00003C
_current_entry_mode                 dataCOMRAM   00003A
_current_func_set                   dataCOMRAM   000039
_init_complete                      bssCOMRAM    000069
_isr                                intcode      000008
_main                               text0        001010
_main$651                           cstackCOMRAM 000055
_main$652                           cstackCOMRAM 000057
_manual_transfer                    bssCOMRAM    000062
_receive_byte                       bssCOMRAM    000066
_spi_actor                          bssCOMRAM    000065
_spi_rx_flag                        bssCOMRAM    00005F
_spi_rx_invalid_flag                bssCOMRAM    000060
_spi_rx_invalid_msg                 smallconst   001001
_spi_rx_msg_buf                     bssCOMRAM    000061
_transfer_complete_flag             bssCOMRAM    000063
btemp                               temp         00006C
end_of_initialization               cinit        001570
int$flags                           temp         00006C
int_func                            intcode_body 00141A
intlevel0                           text         000000
intlevel1                           text         000000
intlevel2                           text         000000
intlevel3                           text         000000
main@F2562                          dataCOMRAM   000021
main@i                              cstackCOMRAM 000059
main@i_650                          cstackCOMRAM 00005A
main@i_653                          cstackCOMRAM 00005B
main@i_654                          cstackCOMRAM 00005C
main@init_success_msg               cstackCOMRAM 000047
stackhi                             (abs)        000F7F
stacklo                             (abs)        000080
start                               init         00000E
start_initialization                cinit        001544
ttemp5                              temp         00006D
ttemp6                              temp         000070
ttemp7                              temp         000074
wtemp8                              temp         00006D


FUNCTION INFORMATION:

 *************** function _main *****************
 Defined at:
		line 199 in file "spi_test.c"
 Parameters:    Size  Location     Type
		None
 Auto vars:     Size  Location     Type
  i               1   31[COMRAM] unsigned char 
  i               1   30[COMRAM] unsigned char 
  i               1   29[COMRAM] unsigned char 
  i               1   28[COMRAM] unsigned char 
  init_success   14   10[COMRAM] unsigned char [14]
 Return value:  Size  Location     Type
                  1    wreg      void 
 Registers used:
		wreg, fsr1l, fsr1h, fsr2l, fsr2h, status,2, status,0, tblptrl, tblptrh, tblptru, cstack
 Tracked objects:
		On entry : 
		On exit  : 
		Unchanged: 
 Data sizes:     COMRAM   BANK0   BANK1   BANK2   BANK3   BANK4   BANK5   BANK6   BANK7   BANK8   BANK9  BANK10  BANK11  BANK12  BANK13  BANK14  BANK15
      Params:         0       0       0       0       0       0       0       0       0       0       0       0       0       0       0       0       0
      Locals:        22       0       0       0       0       0       0       0       0       0       0       0       0       0       0       0       0
      Temps:          2       0       0       0       0       0       0       0       0       0       0       0       0       0       0       0       0
      Totals:        24       0       0       0       0       0       0       0       0       0       0       0       0       0       0       0       0
Total ram usage:       24 bytes
 Hardware stack levels required when called:    4
 This function calls:
		_LCD_Init_ECE376
		_LCD_clear_display
		_LCD_set_cursor_position
		_LCD_write_data_byte_4bit
		_SPI_Init_Slave_Default
 This function is called by:
		Startup code after reset
 This function uses a non-reentrant model


 *************** function _SPI_Init_Slave_Default *****************
 Defined at:
		line 70 in file "src/mssp_spi_driver.c"
 Parameters:    Size  Location     Type
		None
 Auto vars:     Size  Location     Type
		None
 Return value:  Size  Location     Type
                  1    wreg      void 
 Registers used:
		wreg, status,2, status,0
 Tracked objects:
		On entry : 
		On exit  : 
		Unchanged: 
 Data sizes:     COMRAM   BANK0   BANK1   BANK2   BANK3   BANK4   BANK5   BANK6   BANK7   BANK8   BANK9  BANK10  BANK11  BANK12  BANK13  BANK14  BANK15
      Params:         0       0       0       0       0       0       0       0       0       0       0       0       0       0       0       0       0
      Locals:         0       0       0       0       0       0       0       0       0       0       0       0       0       0       0       0       0
      Temps:          0       0       0       0       0       0       0       0       0       0       0       0       0       0       0       0       0
      Totals:         0       0       0       0       0       0       0       0       0       0       0       0       0       0       0       0       0
Total ram usage:        0 bytes
 Hardware stack levels used:    1
 Hardware stack levels required when called:    1
 This function calls:
		Nothing
 This function is called by:
		_main
 This function uses a non-reentrant model


 *************** function _LCD_write_data_byte_4bit *****************
 Defined at:
		line 126 in file "src/lcd_driver.c"
 Parameters:    Size  Location     Type
  data            1    wreg     unsigned char 
 Auto vars:     Size  Location     Type
  data            1    4[COMRAM] unsigned char 
 Return value:  Size  Location     Type
                  1    wreg      void 
 Registers used:
		wreg, status,2, status,0, cstack
 Tracked objects:
		On entry : 
		On exit  : 
		Unchanged: 
 Data sizes:     COMRAM   BANK0   BANK1   BANK2   BANK3   BANK4   BANK5   BANK6   BANK7   BANK8   BANK9  BANK10  BANK11  BANK12  BANK13  BANK14  BANK15
      Params:         0       0       0       0       0       0       0       0       0       0       0       0       0       0       0       0       0
      Locals:         1       0       0       0       0       0       0       0       0       0       0       0       0       0       0       0       0
      Temps:          1       0       0       0       0       0       0       0       0       0       0       0       0       0       0       0       0
      Totals:         2       0       0       0       0       0       0       0       0       0       0       0       0       0       0       0       0
Total ram usage:        2 bytes
 Hardware stack levels used:    1
 Hardware stack levels required when called:    2
 This function calls:
		_LCD_enable_toggle
 This function is called by:
		_main
		_LCD_write_characters
 This function uses a non-reentrant model


 *************** function _LCD_set_cursor_position *****************
 Defined at:
		line 500 in file "src/lcd_driver.c"
 Parameters:    Size  Location     Type
  line            1    wreg     unsigned char 
  pos_on_line     1    5[COMRAM] unsigned char 
 Auto vars:     Size  Location     Type
  line            1    7[COMRAM] unsigned char 
  ddram_addr      1    6[COMRAM] unsigned char 
 Return value:  Size  Location     Type
                  1    wreg      unsigned char 
 Registers used:
		wreg, status,2, status,0, cstack
 Tracked objects:
		On entry : 
		On exit  : 
		Unchanged: 
 Data sizes:     COMRAM   BANK0   BANK1   BANK2   BANK3   BANK4   BANK5   BANK6   BANK7   BANK8   BANK9  BANK10  BANK11  BANK12  BANK13  BANK14  BANK15
      Params:         1       0       0       0       0       0       0       0       0       0       0       0       0       0       0       0       0
      Locals:         2       0       0       0       0       0       0       0       0       0       0       0       0       0       0       0       0
      Temps:          0       0       0       0       0       0       0       0       0       0       0       0       0       0       0       0       0
      Totals:         3       0       0       0       0       0       0       0       0       0       0       0       0       0       0       0       0
Total ram usage:        3 bytes
 Hardware stack levels used:    1
 Hardware stack levels required when called:    3
 This function calls:
		_LCD_write_instr_byte_4bit
		_LCD_write_instr_byte_8bit
 This function is called by:
		_main
 This function uses a non-reentrant model


 *************** function _LCD_clear_display *****************
 Defined at:
		line 427 in file "src/lcd_driver.c"
 Parameters:    Size  Location     Type
		None
 Auto vars:     Size  Location     Type
		None
 Return value:  Size  Location     Type
                  1    wreg      unsigned char 
 Registers used:
		wreg, status,2, status,0, cstack
 Tracked objects:
		On entry : 
		On exit  : 
		Unchanged: 
 Data sizes:     COMRAM   BANK0   BANK1   BANK2   BANK3   BANK4   BANK5   BANK6   BANK7   BANK8   BANK9  BANK10  BANK11  BANK12  BANK13  BANK14  BANK15
      Params:         0       0       0       0       0       0       0       0       0       0       0       0       0       0       0       0       0
      Locals:         0       0       0       0       0       0       0       0       0       0       0       0       0       0       0       0       0
      Temps:          1       0       0       0       0       0       0       0       0       0       0       0       0       0       0       0       0
      Totals:         1       0       0       0       0       0       0       0       0       0       0       0       0       0       0       0       0
Total ram usage:        1 bytes
 Hardware stack levels used:    1
 Hardware stack levels required when called:    3
 This function calls:
		_LCD_write_instr_byte_4bit
		_LCD_write_instr_byte_8bit
 This function is called by:
		_main
		_LCD_Init_amazonLCD
 This function uses a non-reentrant model


 *************** function _LCD_write_instr_byte_8bit *****************
 Defined at:
		line 200 in file "src/lcd_driver.c"
 Parameters:    Size  Location     Type
  instr           1    wreg     unsigned char 
 Auto vars:     Size  Location     Type
  instr           1    4[COMRAM] unsigned char 
 Return value:  Size  Location     Type
                  1    wreg      void 
 Registers used:
		wreg, status,2, status,0, cstack
 Tracked objects:
		On entry : 
		On exit  : 
		Unchanged: 
 Data sizes:     COMRAM   BANK0   BANK1   BANK2   BANK3   BANK4   BANK5   BANK6   BANK7   BANK8   BANK9  BANK10  BANK11  BANK12  BANK13  BANK14  BANK15
      Params:         0       0       0       0       0       0       0       0       0       0       0       0       0       0       0       0       0
      Locals:         1       0       0       0       0       0       0       0       0       0       0       0       0       0       0       0       0
      Temps:          1       0       0       0       0       0       0       0       0       0       0       0       0       0       0       0       0
      Totals:         2       0       0       0       0       0       0       0       0       0       0       0       0       0       0       0       0
Total ram usage:        2 bytes
 Hardware stack levels used:    1
 Hardware stack levels required when called:    2
 This function calls:
		_LCD_enable_toggle
 This function is called by:
		_LCD_clear_display
		_LCD_set_cursor_position
		_LCD_Init_amazonLCD
		_LCD_return_home
		_LCD_write_characters
		_LCD_turn_off_cursor
		_LCD_turn_on_cursor
 This function uses a non-reentrant model


 *************** function _LCD_Init_ECE376 *****************
 Defined at:
		line 224 in file "src/lcd_driver.c"
 Parameters:    Size  Location     Type
		None
 Auto vars:     Size  Location     Type
		None
 Return value:  Size  Location     Type
                  1    wreg      void 
 Registers used:
		wreg, status,2, status,0, cstack
 Tracked objects:
		On entry : 
		On exit  : 
		Unchanged: 
 Data sizes:     COMRAM   BANK0   BANK1   BANK2   BANK3   BANK4   BANK5   BANK6   BANK7   BANK8   BANK9  BANK10  BANK11  BANK12  BANK13  BANK14  BANK15
      Params:         0       0       0       0       0       0       0       0       0       0       0       0       0       0       0       0       0
      Locals:         0       0       0       0       0       0       0       0       0       0       0       0       0       0       0       0       0
      Temps:          2       0       0       0       0       0       0       0       0       0       0       0       0       0       0       0       0
      Totals:         2       0       0       0       0       0       0       0       0       0       0       0       0       0       0       0       0
Total ram usage:        2 bytes
 Hardware stack levels used:    1
 Hardware stack levels required when called:    3
 This function calls:
		_LCD_write_instr_byte_4bit
 This function is called by:
		_main
 This function uses a non-reentrant model


 *************** function _LCD_write_instr_byte_4bit *****************
 Defined at:
		line 175 in file "src/lcd_driver.c"
 Parameters:    Size  Location     Type
  instr           1    wreg     unsigned char 
 Auto vars:     Size  Location     Type
  instr           1    4[COMRAM] unsigned char 
 Return value:  Size  Location     Type
                  1    wreg      void 
 Registers used:
		wreg, status,2, status,0, cstack
 Tracked objects:
		On entry : 
		On exit  : 
		Unchanged: 
 Data sizes:     COMRAM   BANK0   BANK1   BANK2   BANK3   BANK4   BANK5   BANK6   BANK7   BANK8   BANK9  BANK10  BANK11  BANK12  BANK13  BANK14  BANK15
      Params:         0       0       0       0       0       0       0       0       0       0       0       0       0       0       0       0       0
      Locals:         1       0       0       0       0       0       0       0       0       0       0       0       0       0       0       0       0
      Temps:          1       0       0       0       0       0       0       0       0       0       0       0       0       0       0       0       0
      Totals:         2       0       0       0       0       0       0       0       0       0       0       0       0       0       0       0       0
Total ram usage:        2 bytes
 Hardware stack levels used:    1
 Hardware stack levels required when called:    2
 This function calls:
		_LCD_enable_toggle
 This function is called by:
		_LCD_Init_ECE376
		_LCD_clear_display
		_LCD_set_cursor_position
		_LCD_Init_amazonLCD
		_LCD_return_home
		_LCD_write_characters
		_LCD_turn_off_cursor
		_LCD_turn_on_cursor
 This function uses a non-reentrant model


 *************** function _LCD_enable_toggle *****************
 Defined at:
		line 45 in file "src/lcd_driver.c"
 Parameters:    Size  Location     Type
		None
 Auto vars:     Size  Location     Type
		None
 Return value:  Size  Location     Type
                  1    wreg      void 
 Registers used:
		wreg, status,2, status,0
 Tracked objects:
		On entry : 
		On exit  : 
		Unchanged: 
 Data sizes:     COMRAM   BANK0   BANK1   BANK2   BANK3   BANK4   BANK5   BANK6   BANK7   BANK8   BANK9  BANK10  BANK11  BANK12  BANK13  BANK14  BANK15
      Params:         0       0       0       0       0       0       0       0       0       0       0       0       0       0       0       0       0
      Locals:         0       0       0       0       0       0       0       0       0       0       0       0       0       0       0       0       0
      Temps:          2       0       0       0       0       0       0       0       0       0       0       0       0       0       0       0       0
      Totals:         2       0       0       0       0       0       0       0       0       0       0       0       0       0       0       0       0
Total ram usage:        2 bytes
 Hardware stack levels used:    1
 Hardware stack levels required when called:    1
 This function calls:
		Nothing
 This function is called by:
		_LCD_write_data_byte_4bit
		_LCD_write_instr_byte_4bit
		_LCD_write_instr_byte_8bit
		_LCD_wait_for_BF
		_LCD_write_data_byte_8bit
		_LCD_Init
		_LCD_read_current_address_counter
 This function uses a non-reentrant model


 *************** function _isr *****************
 Defined at:
		line 134 in file "spi_test.c"
 Parameters:    Size  Location     Type
		None
 Auto vars:     Size  Location     Type
		None
 Return value:  Size  Location     Type
                  1    wreg      void 
 Registers used:
		wreg, status,2, status,0
 Tracked objects:
		On entry : 
		On exit  : 
		Unchanged: 
 Data sizes:     COMRAM   BANK0   BANK1   BANK2   BANK3   BANK4   BANK5   BANK6   BANK7   BANK8   BANK9  BANK10  BANK11  BANK12  BANK13  BANK14  BANK15
      Params:         0       0       0       0       0       0       0       0       0       0       0       0       0       0       0       0       0
      Locals:         0       0       0       0       0       0       0       0       0       0       0       0       0       0       0       0       0
      Temps:          1       0       0       0       0       0       0       0       0       0       0       0       0       0       0       0       0
      Totals:         1       0       0       0       0       0       0       0       0       0       0       0       0       0       0       0       0
Total ram usage:        1 bytes
 Hardware stack levels used:    1
 This function calls:
		Nothing
 This function is called by:
		Interrupt level 2
 This function uses a non-reentrant model



MODULE INFORMATION

Module		Function		Class		Link	Load	Size
src/mssp_spi_driver.c
		_SPI_Init_Slave_Default		CODE           	15D4	0000	32

src/mssp_spi_driver.c estimated size: 32

src/lcd_driver.c
		_LCD_Init_ECE376		CODE           	11A4	0000	228
		_LCD_write_instr_byte_4bit		CODE           	14BC	0000	76
		_LCD_clear_display		CODE           	157E	0000	48
		_LCD_enable_toggle		CODE           	1352	0000	200
		_LCD_write_data_byte_4bit		CODE           	1470	0000	76
		_LCD_write_instr_byte_8bit		CODE           	15AE	0000	38
		_LCD_set_cursor_position		CODE           	1288	0000	202

src/lcd_driver.c estimated size: 868

shared
		_spi_rx_invalid_msg		SMALLCONST     	1001	0000	13
		__initialization		CODE           	1544	0000	44

shared estimated size: 57

spi_test.c
		_main          		CODE           	1010	0000	404
		_isr           		CODE           	0008	0000	92

spi_test.c estimated size: 496

