Microchip MPLAB XC8 Compiler V2.31

Linker command line:

-W-3 --edf=C:\Program Files\Microchip\xc8\v2.31\pic\dat\en_msgs.txt -cn \
  -h+dist/default/production\can_node_board_SW.X.production.sym \
  --cmf=dist/default/production\can_node_board_SW.X.production.cmf -z \
  -Q18F4620 -oC:\Users\almos\AppData\Local\Temp\sldo.2 \
  --defsym=__MPLAB_BUILD=1 \
  -Mdist/default/production/can_node_board_SW.X.production.map -E1 \
  -ver=XC8 Compiler --acfsm=1493 -ASTACK=0ACh-0F7Fh -pstack=STACK \
  -ACODE=00h-0FFFFh -ACONST=00h-0FFFFh -ASMALLCONST=01000h-010FFhx240 \
  -AMEDIUMCONST=01000h-0FFFFh -ACOMRAM=01h-07Fh -AABS1=00h-0F7Fh \
  -ABIGRAM=01h-0F7Fh -ARAM=080h-0FFh,0100h-01FFhx14,0F00h-0F7Fh \
  -ABANK0=080h-0FFh -ABANK1=0100h-01FFh -ABANK2=0200h-02FFh \
  -ABANK3=0300h-03FFh -ABANK4=0400h-04FFh -ABANK5=0500h-05FFh \
  -ABANK6=0600h-06FFh -ABANK7=0700h-07FFh -ABANK8=0800h-08FFh \
  -ABANK9=0900h-09FFh -ABANK10=0A00h-0AFFh -ABANK11=0B00h-0BFFh \
  -ABANK12=0C00h-0CFFh -ABANK13=0D00h-0DFFh -ABANK14=0E00h-0EFFh \
  -ABANK15=0F00h-0F7Fh -ASFR=0F80h-0FFFh -ACONFIG=0300000h-030000Dh \
  -AIDLOC=0200000h-0200007h -AEEDATA=0F00000h-0F003FFh -peeprom_data=EEDATA \
  -preset_vec=00h,intcode=08h,intcodelo,powerup,init -pramtop=01000h \
  -psmallconst=SMALLCONST -pmediumconst=MEDIUMCONST -pconst=CONST \
  -AFARRAM=00h-00h \
  -prdata=COMRAM,nvrram=COMRAM,nvbit=COMRAM,rbss=COMRAM,rbit=COMRAM \
  -pfarbss=FARRAM,fardata=FARRAM,nvFARRAM=FARRAM \
  -pintsave_regs=BIGRAM,bigbss=BIGRAM,bigdata=BIGRAM -pbss=RAM \
  -pidata=CODE,irdata=CODE,ibigdata=CODE,ifardata=CODE -prparam=COMRAM \
  C:\Users\almos\AppData\Local\Temp\sldo.o \
  dist/default/production\can_node_board_SW.X.production.o 

Object code version is 3.11

Machine type is 18F4620



                Name                               Link     Load   Length Selector   Space Scale
C:\Users\almos\AppData\Local\Temp\sldo.o
                idloc                            200000   200000        8        0       5
                config                           300000   300000        E        0       4
                init                                  E        E        4        4       0
                reset_vec                             0        0        4        0       0
dist/default/production\can_node_board_SW.X.production.o
                intcode                               8        8        6        4       0
                idloc                            200000   200000        8        0       5
                config                           300000   300000        E        0       4
                temp                                 7F       7F        1        1       1
                intcode_body                        96C      96C       54        4       0
                text23                              BAC      BAC       16        4       0
                text22                              B96      B96       16        4       0
                text21                              BF8      BF8        A        4       0
                text20                              BEE      BEE        A        4       0
                text19                              A7A      A7A       34        4       0
                text18                              B0A      B0A       28        4       0
                text17                              846      846       6A        4       0
                text16                              A42      A42       38        4       0
                text15                              BE2      BE2        C        4       0
                text14                              ADE      ADE       2C        4       0
                text13                              B58      B58       26        4       0
                text12                              B32      B32       26        4       0
                text11                              B7E      B7E       18        4       0
                text10                              AAE      AAE       30        4       0
                text9                               BD2      BD2       10        4       0
                text8                               6B6      6B6      102        4       0
                text7                               2AE      2AE      220        4       0
                text6                               A06      A06       3C        4       0
                text5                               7B8      7B8       8E        4       0
                text4                               4CE      4CE      1E8        4       0
                text3                               8B0      8B0       64        4       0
                text2                               BC2      BC2       10        4       0
                text1                               914      914       58        4       0
                text0                                12       12      29C        4       0
                cstackCOMRAM                         54       54       27        1       1
                bssBANK0                             80       80       2B       80       1
                dataCOMRAM                           7B       7B        4        1       1
                bssCOMRAM                             1        1       53        1       1
                cinit                               9C0      9C0       46        4       0
                nvBANK0                              AB       AB        1       80       1
                idataCOMRAM                         C02      C02        4        4       0

TOTAL           Name                               Link     Load   Length     Space
        CLASS   STACK          

        CLASS   CODE           
                intcode                               8        8        6         0
                init                                  E        E        4         0
                reset_vec                             0        0        4         0
                intcode_body                        96C      96C       54         0
                text23                              BAC      BAC       16         0
                text22                              B96      B96       16         0
                text21                              BF8      BF8        A         0
                text20                              BEE      BEE        A         0
                text19                              A7A      A7A       34         0
                text18                              B0A      B0A       28         0
                text17                              846      846       6A         0
                text16                              A42      A42       38         0
                text15                              BE2      BE2        C         0
                text14                              ADE      ADE       2C         0
                text13                              B58      B58       26         0
                text12                              B32      B32       26         0
                text11                              B7E      B7E       18         0
                text10                              AAE      AAE       30         0
                text9                               BD2      BD2       10         0
                text8                               6B6      6B6      102         0
                text7                               2AE      2AE      220         0
                text6                               A06      A06       3C         0
                text5                               7B8      7B8       8E         0
                text4                               4CE      4CE      1E8         0
                text3                               8B0      8B0       64         0
                text2                               BC2      BC2       10         0
                text1                               914      914       58         0
                text0                                12       12      29C         0
                cinit                               9C0      9C0       46         0
                idataCOMRAM                         C02      C02        4         0

        CLASS   CONST          

        CLASS   SMALLCONST     

        CLASS   MEDIUMCONST    

        CLASS   COMRAM         
                temp                                 7F       7F        1         1
                cstackCOMRAM                         54       54       27         1
                dataCOMRAM                           7B       7B        4         1
                bssCOMRAM                             1        1       53         1

        CLASS   ABS1           

        CLASS   BIGRAM         

        CLASS   RAM            

        CLASS   BANK0          
                bssBANK0                             80       80       2B         1
                nvBANK0                              AB       AB        1         1

        CLASS   BANK1          

        CLASS   BANK2          

        CLASS   BANK3          

        CLASS   BANK4          

        CLASS   BANK5          

        CLASS   BANK6          

        CLASS   BANK7          

        CLASS   BANK8          

        CLASS   BANK9          

        CLASS   BANK10         

        CLASS   BANK11         

        CLASS   BANK12         

        CLASS   BANK13         

        CLASS   BANK14         

        CLASS   BANK15         

        CLASS   SFR            

        CLASS   CONFIG         
                config                           300000   300000        E         4

        CLASS   IDLOC          
                idloc                            200000   200000        8         5

        CLASS   EEDATA         

        CLASS   FARRAM         



SEGMENTS        Name                           Load    Length   Top    Selector   Space  Class

                reset_vec                      000000  000004  000004         0       0  CODE    
                bssCOMRAM                      000001  00007F  000080         1       1  COMRAM  
                intcode                        000008  000BFE  000C06         4       0  CODE    
                bssBANK0                       000080  00002C  0000AC        80       1  BANK0   


UNUSED ADDRESS RANGES

        Name                Unused          Largest block    Delta
        BANK0            0000AC-0000FF               54
        BANK1            000100-0001FF              100
        BANK10           000A00-000AFF              100
        BANK11           000B00-000BFF              100
        BANK12           000C00-000CFF              100
        BANK13           000D00-000DFF              100
        BANK14           000E00-000EFF              100
        BANK15           000F00-000F7F               80
        BANK2            000200-0002FF              100
        BANK3            000300-0003FF              100
        BANK4            000400-0004FF              100
        BANK5            000500-0005FF              100
        BANK6            000600-0006FF              100
        BANK7            000700-0007FF              100
        BANK8            000800-0008FF              100
        BANK9            000900-0009FF              100
        BIGRAM           0000AC-000F7F              ED4
        CODE             000004-000007                4
                         000C06-00FFFF             F3FA
        CONST            000004-000007                4
                         000C06-00FFFF             F3FA
        EEDATA           F00000-F003FF              400
        MEDIUMCONST      001000-00FFFF             F000
        RAM              0000AC-000F7F              100
        SFR              000F80-000FFF               80
        SMALLCONST       001000-00FFFF              100
        STACK            0000AC-000F7F              ED4

                                  Symbol Table

CCP1_Compare_Init_Default@comp_val     cstackCOMRAM 000054
CCP2_Compare_Init_Default@comp_val     cstackCOMRAM 000054
SPI_Transfer_Byte@rx                   cstackCOMRAM 000054
SPI_Transfer_Byte@tx                   cstackCOMRAM 000055
SPI_Transfer_Byte_without_CS@rx        cstackCOMRAM 000054
SPI_Transfer_Byte_without_CS@tx        cstackCOMRAM 000055
_ADCON0bits                            (abs)        000FC2
_ADCON1bits                            (abs)        000FC1
_ADCON2bits                            (abs)        000FC0
_ADRES                                 (abs)        000FC3
_CCP1CON                               (abs)        000FBD
_CCP1_Compare_Init_Default             text23       000BAC
_CCP2CON                               (abs)        000FBA
_CCP2CONbits                           (abs)        000FBA
_CCP2_Compare_Init_Default             text22       000B96
_CCPR1                                 (abs)        000FBE
_CCPR2                                 (abs)        000FBB
_INTCON2bits                           (abs)        000FF1
_INTCON3bits                           (abs)        000FF0
_INTCONbits                            (abs)        000FF2
_LATDbits                              (abs)        000F8C
_PIE1bits                              (abs)        000F9D
_PIE2bits                              (abs)        000FA0
_PIR1bits                              (abs)        000F9E
_PIR2bits                              (abs)        000FA1
_PORTEbits                             (abs)        000F84
_SPI_Init_Master_Default               text18       000B0A
_SPI_Transfer_Byte                     text16       000A42
_SPI_Transfer_Byte_without_CS          text14       000ADE
_SSPBUF                                (abs)        000FC9
_SSPCON1                               (abs)        000FC6
_SSPCON1bits                           (abs)        000FC6
_SSPSTAT                               (abs)        000FC7
_T1CON                                 (abs)        000FCD
_T3CON                                 (abs)        000FB1
_TRISAbits                             (abs)        000F92
_TRISB                                 (abs)        000F93
_TRISC                                 (abs)        000F94
_TRISDbits                             (abs)        000F95
_TRISEbits                             (abs)        000F96
_Timer1_Init_Default                   text21       000BF8
_Timer3_Init_Default                   text20       000BEE
__HRAM                                 (abs)        000000
__Habs1                                abs1         000000
__Hbank0                               bank0        000000
__Hbank1                               bank1        000000
__Hbank10                              bank10       000000
__Hbank11                              bank11       000000
__Hbank12                              bank12       000000
__Hbank13                              bank13       000000
__Hbank14                              bank14       000000
__Hbank15                              bank15       000000
__Hbank2                               bank2        000000
__Hbank3                               bank3        000000
__Hbank4                               bank4        000000
__Hbank5                               bank5        000000
__Hbank6                               bank6        000000
__Hbank7                               bank7        000000
__Hbank8                               bank8        000000
__Hbank9                               bank9        000000
__Hbigbss                              bigbss       000000
__Hbigdata                             bigdata      000000
__Hbigram                              bigram       000000
__Hbss                                 bss          000000
__HbssBANK0                            bssBANK0     000000
__HbssCOMRAM                           bssCOMRAM    000000
__Hcinit                               cinit        000000
__Hclrtext                             clrtext      000000
__Hcomram                              comram       000000
__Hconfig                              config       30000E
__Hconst                               const        000000
__HcstackCOMRAM                        cstackCOMRAM 000000
__Hdata                                data         000000
__HdataCOMRAM                          dataCOMRAM   000000
__Heeprom_data                         eeprom_data  000000
__Hfarbss                              farbss       000000
__Hfardata                             fardata      000000
__Hibigdata                            ibigdata     000000
__Hidata                               idata        000000
__HidataCOMRAM                         idataCOMRAM  000000
__Hidloc                               idloc        200008
__Hifardata                            ifardata     000000
__Hinit                                init         000012
__Hintcode                             intcode      00000E
__Hintcode_body                        intcode_body 000000
__Hintcodelo                           intcodelo    00000E
__Hintentry                            intentry     000000
__Hintret                              intret       000000
__Hintsave_regs                        intsave_regs 000000
__Hirdata                              irdata       000000
__Hmediumconst                         mediumconst  000000
__HnvBANK0                             nvBANK0      000000
__HnvFARRAM                            nvFARRAM     000000
__Hnvbit                               nvbit        000000
__Hnvrram                              nvrram       000000
__Hparam                               rparam       000000
__Hpowerup                             powerup      00000E
__Hram                                 ram          000000
__Hramtop                              ramtop       001000
__Hrbit                                rbit         000000
__Hrbss                                rbss         000000
__Hrdata                               rdata        000000
__Hreset_vec                           reset_vec    000004
__Hrparam                              rparam       000000
__Hsfr                                 sfr          000000
__Hsmallconst                          smallconst   000000
__Hspace_0                             (abs)        001000
__Hspace_1                             (abs)        0000AC
__Hspace_2                             (abs)        000000
__Hspace_4                             (abs)        60000E
__Hstack                               stack        000000
__Hstruct                              struct       000000
__Htemp                                temp         000080
__Htext                                text         000000
__Htext0                               text0        000000
__Htext1                               text1        000000
__Htext10                              text10       000000
__Htext11                              text11       000000
__Htext12                              text12       000000
__Htext13                              text13       000000
__Htext14                              text14       000000
__Htext15                              text15       000000
__Htext16                              text16       000000
__Htext17                              text17       000000
__Htext18                              text18       000000
__Htext19                              text19       000000
__Htext2                               text2        000000
__Htext20                              text20       000000
__Htext21                              text21       000000
__Htext22                              text22       000000
__Htext23                              text23       000000
__Htext3                               text3        000000
__Htext4                               text4        000000
__Htext5                               text5        000000
__Htext6                               text6        000000
__Htext7                               text7        000000
__Htext8                               text8        000000
__Htext9                               text9        000000
__LRAM                                 (abs)        000001
__Labs1                                abs1         000000
__Lbank0                               bank0        000000
__Lbank1                               bank1        000000
__Lbank10                              bank10       000000
__Lbank11                              bank11       000000
__Lbank12                              bank12       000000
__Lbank13                              bank13       000000
__Lbank14                              bank14       000000
__Lbank15                              bank15       000000
__Lbank2                               bank2        000000
__Lbank3                               bank3        000000
__Lbank4                               bank4        000000
__Lbank5                               bank5        000000
__Lbank6                               bank6        000000
__Lbank7                               bank7        000000
__Lbank8                               bank8        000000
__Lbank9                               bank9        000000
__Lbigbss                              bigbss       000000
__Lbigdata                             bigdata      000000
__Lbigram                              bigram       000000
__Lbss                                 bss          000000
__LbssBANK0                            bssBANK0     000000
__LbssCOMRAM                           bssCOMRAM    000000
__Lcinit                               cinit        000000
__Lclrtext                             clrtext      000000
__Lcomram                              comram       000000
__Lconfig                              config       000000
__Lconst                               const        000000
__LcstackCOMRAM                        cstackCOMRAM 000000
__Ldata                                data         000000
__LdataCOMRAM                          dataCOMRAM   000000
__Leeprom_data                         eeprom_data  000000
__Lfarbss                              farbss       000000
__Lfardata                             fardata      000000
__Libigdata                            ibigdata     000000
__Lidata                               idata        000000
__LidataCOMRAM                         idataCOMRAM  000000
__Lidloc                               idloc        000000
__Lifardata                            ifardata     000000
__Linit                                init         00000E
__Lintcode                             intcode      000008
__Lintcode_body                        intcode_body 000000
__Lintcodelo                           intcodelo    00000E
__Lintentry                            intentry     000000
__Lintret                              intret       000000
__Lintsave_regs                        intsave_regs 000000
__Lirdata                              irdata       000000
__Lmediumconst                         mediumconst  000000
__LnvBANK0                             nvBANK0      000000
__LnvFARRAM                            nvFARRAM     000000
__Lnvbit                               nvbit        000000
__Lnvrram                              nvrram       000000
__Lparam                               rparam       000000
__Lpowerup                             powerup      00000E
__Lram                                 ram          000000
__Lramtop                              ramtop       001000
__Lrbit                                rbit         000000
__Lrbss                                rbss         000000
__Lrdata                               rdata        000000
__Lreset_vec                           reset_vec    000000
__Lrparam                              rparam       000000
__Lsfr                                 sfr          000000
__Lsmallconst                          smallconst   000000
__Lspace_0                             (abs)        000000
__Lspace_1                             (abs)        000000
__Lspace_2                             (abs)        000000
__Lspace_4                             (abs)        000000
__Lstack                               stack        000000
__Lstruct                              struct       000000
__Ltemp                                temp         00007F
__Ltext                                text         000000
__Ltext0                               text0        000000
__Ltext1                               text1        000000
__Ltext10                              text10       000000
__Ltext11                              text11       000000
__Ltext12                              text12       000000
__Ltext13                              text13       000000
__Ltext14                              text14       000000
__Ltext15                              text15       000000
__Ltext16                              text16       000000
__Ltext17                              text17       000000
__Ltext18                              text18       000000
__Ltext19                              text19       000000
__Ltext2                               text2        000000
__Ltext20                              text20       000000
__Ltext21                              text21       000000
__Ltext22                              text22       000000
__Ltext23                              text23       000000
__Ltext3                               text3        000000
__Ltext4                               text4        000000
__Ltext5                               text5        000000
__Ltext6                               text6        000000
__Ltext7                               text7        000000
__Ltext8                               text8        000000
__Ltext9                               text9        000000
__S0                                   (abs)        000C06
__S1                                   (abs)        0000AC
__S2                                   (abs)        000000
__S4                                   (abs)        000000
__S5                                   (abs)        000000
___inthi_sp                            stack        000000
___intlo_sp                            stack        000000
___param_bank                          (abs)        000000
___rparam_used                         (abs)        000001
___sp                                  stack        000000
__accesstop                            (abs)        000080
__activetblptr                         (abs)        000002
__end_of_CCP1_Compare_Init_Default     text23       000BC2
__end_of_CCP2_Compare_Init_Default     text22       000BAC
__end_of_SPI_Init_Master_Default       text18       000B32
__end_of_SPI_Transfer_Byte             text16       000A7A
__end_of_SPI_Transfer_Byte_without_CS  text14       000B0A
__end_of_Timer1_Init_Default           text21       000C02
__end_of_Timer3_Init_Default           text20       000BF8
__end_of__initialization               cinit        0009F8
__end_of_adc_init_default              text19       000AAE
__end_of_can_compose_msg_ext           text4        0006B6
__end_of_can_init_default              text8        0007B8
__end_of_can_parse_msg_ext             text7        0004CE
__end_of_can_receive                   text5        000846
__end_of_can_send                      text1        00096C
__end_of_external_interrupts_init      text17       0008B0
__end_of_isr                           intcode_body 0009C0
__end_of_main                          text0        0002AE
__end_of_mcp2515_cmd_load_tx_buf       text3        000914
__end_of_mcp2515_cmd_read              text12       000B58
__end_of_mcp2515_cmd_read_rx_buf       text6        000A42
__end_of_mcp2515_cmd_reset             text15       000BEE
__end_of_mcp2515_cmd_rts               text2        000BD2
__end_of_mcp2515_cmd_write             text13       000B7E
__end_of_mcp2515_cmd_write_bit         text10       000ADE
__end_of_mcp2515_current_opmode        text11       000B96
__end_of_mcp2515_normal_mode           text9        000BE2
__initialization                       cinit        0009C0
__mediumconst                          mediumconst  000000
__pbssBANK0                            bssBANK0     000080
__pbssCOMRAM                           bssCOMRAM    000001
__pcinit                               cinit        0009C0
__pcstackCOMRAM                        cstackCOMRAM 000054
__pdataCOMRAM                          dataCOMRAM   00007B
__pidataCOMRAM                         idataCOMRAM  000C02
__pintcode                             intcode      000008
__pintcode_body                        intcode_body 00096C
__pnvBANK0                             nvBANK0      0000AB
__ptext0                               text0        000012
__ptext1                               text1        000914
__ptext10                              text10       000AAE
__ptext11                              text11       000B7E
__ptext12                              text12       000B32
__ptext13                              text13       000B58
__ptext14                              text14       000ADE
__ptext15                              text15       000BE2
__ptext16                              text16       000A42
__ptext17                              text17       000846
__ptext18                              text18       000B0A
__ptext19                              text19       000A7A
__ptext2                               text2        000BC2
__ptext20                              text20       000BEE
__ptext21                              text21       000BF8
__ptext22                              text22       000B96
__ptext23                              text23       000BAC
__ptext3                               text3        0008B0
__ptext4                               text4        0004CE
__ptext5                               text5        0007B8
__ptext6                               text6        000A06
__ptext7                               text7        0002AE
__ptext8                               text8        0006B6
__ptext9                               text9        000BD2
__ramtop                               ramtop       001000
__size_of_CCP1_Compare_Init_Default    (abs)        000000
__size_of_CCP2_Compare_Init_Default    (abs)        000000
__size_of_SPI_Init_Master_Default      (abs)        000000
__size_of_SPI_Transfer_Byte            (abs)        000000
__size_of_SPI_Transfer_Byte_without_CS (abs)        000000
__size_of_Timer1_Init_Default          (abs)        000000
__size_of_Timer3_Init_Default          (abs)        000000
__size_of_adc_init_default             (abs)        000000
__size_of_can_compose_msg_ext          (abs)        000000
__size_of_can_init_default             (abs)        000000
__size_of_can_parse_msg_ext            (abs)        000000
__size_of_can_receive                  (abs)        000000
__size_of_can_send                     (abs)        000000
__size_of_external_interrupts_init     (abs)        000000
__size_of_isr                          (abs)        000000
__size_of_main                         (abs)        000000
__size_of_mcp2515_cmd_load_tx_buf      (abs)        000000
__size_of_mcp2515_cmd_read             (abs)        000000
__size_of_mcp2515_cmd_read_rx_buf      (abs)        000000
__size_of_mcp2515_cmd_reset            (abs)        000000
__size_of_mcp2515_cmd_rts              (abs)        000000
__size_of_mcp2515_cmd_write            (abs)        000000
__size_of_mcp2515_cmd_write_bit        (abs)        000000
__size_of_mcp2515_current_opmode       (abs)        000000
__size_of_mcp2515_normal_mode          (abs)        000000
__smallconst                           smallconst   000000
_ack_counter                           bssCOMRAM    00000B
_adc_init_default                      text19       000A7A
_can_compose_msg_ext                   text4        0004CE
_can_init_default                      text8        0006B6
_can_parse_msg_ext                     text7        0002AE
_can_receive                           text5        0007B8
_can_send                              text1        000914
_eng_spd_pot_reading                   bssCOMRAM    00000F
_external_interrupts_init              text17       000846
_isr                                   intcode      000008
_main                                  text0        000012
_manual_transfer                       nvBANK0      0000AB
_mcp2515_canctrl_buf                   bssCOMRAM    00004D
_mcp2515_cmd_load_tx_buf               text3        0008B0
_mcp2515_cmd_read                      text12       000B32
_mcp2515_cmd_read_rx_buf               text6        000A06
_mcp2515_cmd_read_rx_buf$614           cstackCOMRAM 000058
_mcp2515_cmd_reset                     text15       000BE2
_mcp2515_cmd_rts                       text2        000BC2
_mcp2515_cmd_write                     text13       000B58
_mcp2515_cmd_write_bit                 text10       000AAE
_mcp2515_current_opmode                text11       000B7E
_mcp2515_eflg_buf                      bssCOMRAM    000051
_mcp2515_interrupt_event               bssCOMRAM    00001A
_mcp2515_intf_buf                      bssCOMRAM    000052
_mcp2515_normal_mode                   text9        000BD2
_mcp2515_one_shot_mode                 bssCOMRAM    000017
_mcp2515_txb0_reattempt_counter        bssCOMRAM    000016
_mcp2515_txb0ctrl_buf                  bssCOMRAM    000050
_mcp2515_txb1_reattempt_counter        bssCOMRAM    000015
_mcp2515_txb1ctrl_buf                  bssCOMRAM    00004F
_mcp2515_txb2_reattempt_counter        bssCOMRAM    000014
_mcp2515_txb2ctrl_buf                  bssCOMRAM    00004E
_msg_received                          bssCOMRAM    000013
_node1_ready_to_tx                     bssCOMRAM    000018
_node1_rxbf0_msg                       bssCOMRAM    00003C
_node1_rxbf1_msg                       bssBANK0     00009A
_node1_state_msg                       bssCOMRAM    00002B
_receive_byte                          bssCOMRAM    000053
_rxbf0_full                            bssCOMRAM    00001F
_rxbf0_received                        bssCOMRAM    000012
_rxbf1_full                            bssCOMRAM    00001E
_rxbf1_received                        bssCOMRAM    000011
_spi_actor                             bssCOMRAM    00001C
_spi_transfer_complete_flag            bssCOMRAM    00001B
_tmr_100ms_next                        bssCOMRAM    000019
_tx_counter                            bssCOMRAM    00000D
_txbf0_full                            bssCOMRAM    000025
_txbf0_sent                            bssCOMRAM    000022
_txbf1_full                            bssCOMRAM    000024
_txbf1_sent                            bssCOMRAM    000021
_txbf2_full                            bssCOMRAM    000023
_txbf2_sent                            bssCOMRAM    000020
btemp                                  temp         00007F
can_compose_msg_ext@mcp2515_tx_buf     cstackCOMRAM 000055
can_compose_msg_ext@msg                cstackCOMRAM 000054
can_parse_msg_ext@mcp2515_rx_buf       cstackCOMRAM 000055
can_parse_msg_ext@msg                  cstackCOMRAM 000054
can_receive@msg_buf0                   cstackCOMRAM 000069
can_receive@msg_buf1                   cstackCOMRAM 00006A
can_receive@return_val                 cstackCOMRAM 000078
can_receive@rx_buf                     cstackCOMRAM 00006B
can_send@msg                           cstackCOMRAM 00005D
can_send@tx_msg_buf                    cstackCOMRAM 00005E
can_send@txbf_to_use                   cstackCOMRAM 00006B
end_of_initialization                  cinit        0009F8
external_interrupts_init@trigger_edge  cstackCOMRAM 000054
external_interrupts_init@which_pin     cstackCOMRAM 000057
int$flags                              temp         00007F
int_func                               intcode_body 00096C
intlevel0                              text         000000
intlevel1                              text         000000
intlevel2                              text         000000
intlevel3                              text         000000
mcp2515_cmd_load_tx_buf@i              cstackCOMRAM 00005B
mcp2515_cmd_load_tx_buf@selected_txb   cstackCOMRAM 00005A
mcp2515_cmd_load_tx_buf@tx_buf         cstackCOMRAM 000056
mcp2515_cmd_load_tx_buf@txb            cstackCOMRAM 000059
mcp2515_cmd_read@buf                   cstackCOMRAM 000056
mcp2515_cmd_read@reg_address           cstackCOMRAM 000057
mcp2515_cmd_read_rx_buf@i              cstackCOMRAM 000059
mcp2515_cmd_read_rx_buf@rx_buf         cstackCOMRAM 000056
mcp2515_cmd_read_rx_buf@rxb            cstackCOMRAM 000057
mcp2515_cmd_rts@txb                    cstackCOMRAM 000056
mcp2515_cmd_write@reg_address          cstackCOMRAM 000057
mcp2515_cmd_write@val                  cstackCOMRAM 000056
mcp2515_cmd_write_bit@mask             cstackCOMRAM 000056
mcp2515_cmd_write_bit@reg_address      cstackCOMRAM 000058
mcp2515_cmd_write_bit@val              cstackCOMRAM 000057
mcp2515_current_opmode@current_opmode  cstackCOMRAM 000058
mcp2515_current_opmode@opmode          cstackCOMRAM 000059
stackhi                                (abs)        000F7F
stacklo                                (abs)        0000AC
start                                  init         00000E
start_initialization                   cinit        0009C0
ttemp5                                 temp         000080
ttemp6                                 temp         000083
ttemp7                                 temp         000087
wtemp8                                 temp         000080


FUNCTION INFORMATION:

 *************** function _main *****************
 Defined at:
		line 254 in file "mcp2515_test.c"
 Parameters:    Size  Location     Type
		None
 Auto vars:     Size  Location     Type
		None
 Return value:  Size  Location     Type
                  1    wreg      void 
 Registers used:
		wreg, fsr1l, fsr1h, fsr2l, fsr2h, status,2, status,0, cstack
 Tracked objects:
		On entry : 
		On exit  : 
		Unchanged: 
 Data sizes:     COMRAM   BANK0   BANK1   BANK2   BANK3   BANK4   BANK5   BANK6   BANK7   BANK8   BANK9  BANK10  BANK11  BANK12  BANK13  BANK14  BANK15
      Params:         0       0       0       0       0       0       0       0       0       0       0       0       0       0       0       0       0
      Locals:         0       0       0       0       0       0       0       0       0       0       0       0       0       0       0       0       0
      Temps:          2       0       0       0       0       0       0       0       0       0       0       0       0       0       0       0       0
      Totals:         2       0       0       0       0       0       0       0       0       0       0       0       0       0       0       0       0
Total ram usage:        2 bytes
 Hardware stack levels required when called:    5
 This function calls:
		_CCP1_Compare_Init_Default
		_CCP2_Compare_Init_Default
		_Timer1_Init_Default
		_Timer3_Init_Default
		_adc_init_default
		_can_init_default
		_can_receive
		_can_send
		_mcp2515_cmd_read
		_mcp2515_cmd_write_bit
 This function is called by:
		Startup code after reset
 This function uses a non-reentrant model


 *************** function _can_send *****************
 Defined at:
		line 600 in file "src/mcp2515.c"
 Parameters:    Size  Location     Type
  msg             1    9[COMRAM] PTR struct .
		 -> node1_state_msg(17), 
 Auto vars:     Size  Location     Type
  tx_msg_buf     13   10[COMRAM] unsigned char [13]
  txbf_to_use     1   23[COMRAM] enum E2485
 Return value:  Size  Location     Type
                  1    wreg      unsigned char 
 Registers used:
		wreg, fsr1l, fsr1h, fsr2l, fsr2h, status,2, status,0, cstack
 Tracked objects:
		On entry : 
		On exit  : 
		Unchanged: 
 Data sizes:     COMRAM   BANK0   BANK1   BANK2   BANK3   BANK4   BANK5   BANK6   BANK7   BANK8   BANK9  BANK10  BANK11  BANK12  BANK13  BANK14  BANK15
      Params:         1       0       0       0       0       0       0       0       0       0       0       0       0       0       0       0       0
      Locals:        14       0       0       0       0       0       0       0       0       0       0       0       0       0       0       0       0
      Temps:          0       0       0       0       0       0       0       0       0       0       0       0       0       0       0       0       0
      Totals:        15       0       0       0       0       0       0       0       0       0       0       0       0       0       0       0       0
Total ram usage:       15 bytes
 Hardware stack levels used:    1
 Hardware stack levels required when called:    3
 This function calls:
		_can_compose_msg_ext
		_mcp2515_cmd_load_tx_buf
		_mcp2515_cmd_rts
 This function is called by:
		_main
 This function uses a non-reentrant model


 *************** function _mcp2515_cmd_rts *****************
 Defined at:
		line 469 in file "src/mcp2515.c"
 Parameters:    Size  Location     Type
  txb             1    wreg     enum E2485
 Auto vars:     Size  Location     Type
  txb             1    2[COMRAM] enum E2485
 Return value:  Size  Location     Type
                  1    wreg      void 
 Registers used:
		wreg, fsr2l, fsr2h, status,2, status,0, cstack
 Tracked objects:
		On entry : 
		On exit  : 
		Unchanged: 
 Data sizes:     COMRAM   BANK0   BANK1   BANK2   BANK3   BANK4   BANK5   BANK6   BANK7   BANK8   BANK9  BANK10  BANK11  BANK12  BANK13  BANK14  BANK15
      Params:         0       0       0       0       0       0       0       0       0       0       0       0       0       0       0       0       0
      Locals:         1       0       0       0       0       0       0       0       0       0       0       0       0       0       0       0       0
      Temps:          0       0       0       0       0       0       0       0       0       0       0       0       0       0       0       0       0
      Totals:         1       0       0       0       0       0       0       0       0       0       0       0       0       0       0       0       0
Total ram usage:        1 bytes
 Hardware stack levels used:    1
 Hardware stack levels required when called:    2
 This function calls:
		_SPI_Transfer_Byte
 This function is called by:
		_can_send
 This function uses a non-reentrant model


 *************** function _mcp2515_cmd_load_tx_buf *****************
 Defined at:
		line 432 in file "src/mcp2515.c"
 Parameters:    Size  Location     Type
  txb             1    wreg     enum E2485
  tx_buf          1    2[COMRAM] PTR unsigned char 
		 -> can_send@tx_msg_buf(13), 
 Auto vars:     Size  Location     Type
  txb             1    5[COMRAM] enum E2485
  i               1    7[COMRAM] unsigned char 
  selected_txb    1    6[COMRAM] enum E2477
 Return value:  Size  Location     Type
                  1    wreg      void 
 Registers used:
		wreg, fsr2l, fsr2h, status,2, status,0, cstack
 Tracked objects:
		On entry : 
		On exit  : 
		Unchanged: 
 Data sizes:     COMRAM   BANK0   BANK1   BANK2   BANK3   BANK4   BANK5   BANK6   BANK7   BANK8   BANK9  BANK10  BANK11  BANK12  BANK13  BANK14  BANK15
      Params:         1       0       0       0       0       0       0       0       0       0       0       0       0       0       0       0       0
      Locals:         3       0       0       0       0       0       0       0       0       0       0       0       0       0       0       0       0
      Temps:          2       0       0       0       0       0       0       0       0       0       0       0       0       0       0       0       0
      Totals:         6       0       0       0       0       0       0       0       0       0       0       0       0       0       0       0       0
Total ram usage:        6 bytes
 Hardware stack levels used:    1
 Hardware stack levels required when called:    2
 This function calls:
		_SPI_Transfer_Byte_without_CS
 This function is called by:
		_can_send
 This function uses a non-reentrant model


 *************** function _can_compose_msg_ext *****************
 Defined at:
		line 515 in file "src/mcp2515.c"
 Parameters:    Size  Location     Type
  msg             1    0[COMRAM] PTR struct .
		 -> node1_state_msg(17), 
  mcp2515_tx_b    1    1[COMRAM] PTR unsigned char 
		 -> can_send@tx_msg_buf(13), 
 Auto vars:     Size  Location     Type
		None
 Return value:  Size  Location     Type
                  1    wreg      void 
 Registers used:
		wreg, fsr1l, fsr1h, fsr2l, fsr2h, status,2, status,0
 Tracked objects:
		On entry : 
		On exit  : 
		Unchanged: 
 Data sizes:     COMRAM   BANK0   BANK1   BANK2   BANK3   BANK4   BANK5   BANK6   BANK7   BANK8   BANK9  BANK10  BANK11  BANK12  BANK13  BANK14  BANK15
      Params:         2       0       0       0       0       0       0       0       0       0       0       0       0       0       0       0       0
      Locals:         0       0       0       0       0       0       0       0       0       0       0       0       0       0       0       0       0
      Temps:          7       0       0       0       0       0       0       0       0       0       0       0       0       0       0       0       0
      Totals:         9       0       0       0       0       0       0       0       0       0       0       0       0       0       0       0       0
Total ram usage:        9 bytes
 Hardware stack levels used:    1
 Hardware stack levels required when called:    1
 This function calls:
		Nothing
 This function is called by:
		_can_send
 This function uses a non-reentrant model


 *************** function _can_receive *****************
 Defined at:
		line 649 in file "src/mcp2515.c"
 Parameters:    Size  Location     Type
  msg_buf0        1   21[COMRAM] PTR struct .
		 -> node1_rxbf0_msg(17), 
  msg_buf1        1   22[COMRAM] PTR struct .
		 -> node1_rxbf1_msg(17), 
 Auto vars:     Size  Location     Type
  rx_buf         13   23[COMRAM] unsigned char [13]
  return_val      1   36[COMRAM] unsigned char 
 Return value:  Size  Location     Type
                  1    wreg      unsigned char 
 Registers used:
		wreg, fsr1l, fsr1h, fsr2l, fsr2h, status,2, status,0, cstack
 Tracked objects:
		On entry : 
		On exit  : 
		Unchanged: 
 Data sizes:     COMRAM   BANK0   BANK1   BANK2   BANK3   BANK4   BANK5   BANK6   BANK7   BANK8   BANK9  BANK10  BANK11  BANK12  BANK13  BANK14  BANK15
      Params:         2       0       0       0       0       0       0       0       0       0       0       0       0       0       0       0       0
      Locals:        14       0       0       0       0       0       0       0       0       0       0       0       0       0       0       0       0
      Temps:          0       0       0       0       0       0       0       0       0       0       0       0       0       0       0       0       0
      Totals:        16       0       0       0       0       0       0       0       0       0       0       0       0       0       0       0       0
Total ram usage:       16 bytes
 Hardware stack levels used:    1
 Hardware stack levels required when called:    3
 This function calls:
		_can_parse_msg_ext
		_mcp2515_cmd_read_rx_buf
		_mcp2515_cmd_write_bit
 This function is called by:
		_main
 This function uses a non-reentrant model


 *************** function _mcp2515_cmd_read_rx_buf *****************
 Defined at:
		line 402 in file "src/mcp2515.c"
 Parameters:    Size  Location     Type
  rxb             1    wreg     enum E2490
  rx_buf          1    2[COMRAM] PTR unsigned char 
		 -> can_receive@rx_buf(13), 
 Auto vars:     Size  Location     Type
  rxb             1    3[COMRAM] enum E2490
  i               1    5[COMRAM] unsigned char 
 Return value:  Size  Location     Type
                  1    wreg      void 
 Registers used:
		wreg, fsr2l, fsr2h, status,2, status,0, cstack
 Tracked objects:
		On entry : 
		On exit  : 
		Unchanged: 
 Data sizes:     COMRAM   BANK0   BANK1   BANK2   BANK3   BANK4   BANK5   BANK6   BANK7   BANK8   BANK9  BANK10  BANK11  BANK12  BANK13  BANK14  BANK15
      Params:         1       0       0       0       0       0       0       0       0       0       0       0       0       0       0       0       0
      Locals:         3       0       0       0       0       0       0       0       0       0       0       0       0       0       0       0       0
      Temps:          0       0       0       0       0       0       0       0       0       0       0       0       0       0       0       0       0
      Totals:         4       0       0       0       0       0       0       0       0       0       0       0       0       0       0       0       0
Total ram usage:        4 bytes
 Hardware stack levels used:    1
 Hardware stack levels required when called:    2
 This function calls:
		_SPI_Transfer_Byte_without_CS
 This function is called by:
		_can_receive
 This function uses a non-reentrant model


 *************** function _can_parse_msg_ext *****************
 Defined at:
		line 558 in file "src/mcp2515.c"
 Parameters:    Size  Location     Type
  msg             1    0[COMRAM] PTR struct .
		 -> node1_rxbf1_msg(17), node1_rxbf0_msg(17), 
  mcp2515_rx_b    1    1[COMRAM] PTR unsigned char 
		 -> can_receive@rx_buf(13), 
 Auto vars:     Size  Location     Type
		None
 Return value:  Size  Location     Type
                  1    wreg      void 
 Registers used:
		wreg, fsr1l, fsr1h, fsr2l, fsr2h, status,2, status,0
 Tracked objects:
		On entry : 
		On exit  : 
		Unchanged: 
 Data sizes:     COMRAM   BANK0   BANK1   BANK2   BANK3   BANK4   BANK5   BANK6   BANK7   BANK8   BANK9  BANK10  BANK11  BANK12  BANK13  BANK14  BANK15
      Params:         2       0       0       0       0       0       0       0       0       0       0       0       0       0       0       0       0
      Locals:         0       0       0       0       0       0       0       0       0       0       0       0       0       0       0       0       0
      Temps:         19       0       0       0       0       0       0       0       0       0       0       0       0       0       0       0       0
      Totals:        21       0       0       0       0       0       0       0       0       0       0       0       0       0       0       0       0
Total ram usage:       21 bytes
 Hardware stack levels used:    1
 Hardware stack levels required when called:    1
 This function calls:
		Nothing
 This function is called by:
		_can_receive
 This function uses a non-reentrant model


 *************** function _can_init_default *****************
 Defined at:
		line 66 in file "src/mcp2515.c"
 Parameters:    Size  Location     Type
		None
 Auto vars:     Size  Location     Type
		None
 Return value:  Size  Location     Type
                  1    wreg      void 
 Registers used:
		wreg, fsr2l, fsr2h, status,2, status,0, cstack
 Tracked objects:
		On entry : 
		On exit  : 
		Unchanged: 
 Data sizes:     COMRAM   BANK0   BANK1   BANK2   BANK3   BANK4   BANK5   BANK6   BANK7   BANK8   BANK9  BANK10  BANK11  BANK12  BANK13  BANK14  BANK15
      Params:         0       0       0       0       0       0       0       0       0       0       0       0       0       0       0       0       0
      Locals:         0       0       0       0       0       0       0       0       0       0       0       0       0       0       0       0       0
      Temps:          2       0       0       0       0       0       0       0       0       0       0       0       0       0       0       0       0
      Totals:         2       0       0       0       0       0       0       0       0       0       0       0       0       0       0       0       0
Total ram usage:        2 bytes
 Hardware stack levels used:    1
 Hardware stack levels required when called:    4
 This function calls:
		_SPI_Init_Master_Default
		_external_interrupts_init
		_mcp2515_cmd_reset
		_mcp2515_cmd_write
		_mcp2515_cmd_write_bit
		_mcp2515_current_opmode
		_mcp2515_normal_mode
 This function is called by:
		_main
 This function uses a non-reentrant model


 *************** function _mcp2515_normal_mode *****************
 Defined at:
		line 200 in file "src/mcp2515.c"
 Parameters:    Size  Location     Type
		None
 Auto vars:     Size  Location     Type
		None
 Return value:  Size  Location     Type
                  1    wreg      void 
 Registers used:
		wreg, fsr2l, fsr2h, status,2, status,0, cstack
 Tracked objects:
		On entry : 
		On exit  : 
		Unchanged: 
 Data sizes:     COMRAM   BANK0   BANK1   BANK2   BANK3   BANK4   BANK5   BANK6   BANK7   BANK8   BANK9  BANK10  BANK11  BANK12  BANK13  BANK14  BANK15
      Params:         0       0       0       0       0       0       0       0       0       0       0       0       0       0       0       0       0
      Locals:         0       0       0       0       0       0       0       0       0       0       0       0       0       0       0       0       0
      Temps:          0       0       0       0       0       0       0       0       0       0       0       0       0       0       0       0       0
      Totals:         0       0       0       0       0       0       0       0       0       0       0       0       0       0       0       0       0
Total ram usage:        0 bytes
 Hardware stack levels used:    1
 Hardware stack levels required when called:    3
 This function calls:
		_mcp2515_cmd_write_bit
 This function is called by:
		_can_init_default
 This function uses a non-reentrant model


 *************** function _mcp2515_cmd_write_bit *****************
 Defined at:
		line 369 in file "src/mcp2515.c"
 Parameters:    Size  Location     Type
  reg_address     1    wreg     unsigned char 
  mask            1    2[COMRAM] unsigned char 
  val             1    3[COMRAM] unsigned char 
 Auto vars:     Size  Location     Type
  reg_address     1    4[COMRAM] unsigned char 
 Return value:  Size  Location     Type
                  1    wreg      void 
 Registers used:
		wreg, fsr2l, fsr2h, status,2, status,0, cstack
 Tracked objects:
		On entry : 
		On exit  : 
		Unchanged: 
 Data sizes:     COMRAM   BANK0   BANK1   BANK2   BANK3   BANK4   BANK5   BANK6   BANK7   BANK8   BANK9  BANK10  BANK11  BANK12  BANK13  BANK14  BANK15
      Params:         2       0       0       0       0       0       0       0       0       0       0       0       0       0       0       0       0
      Locals:         1       0       0       0       0       0       0       0       0       0       0       0       0       0       0       0       0
      Temps:          0       0       0       0       0       0       0       0       0       0       0       0       0       0       0       0       0
      Totals:         3       0       0       0       0       0       0       0       0       0       0       0       0       0       0       0       0
Total ram usage:        3 bytes
 Hardware stack levels used:    1
 Hardware stack levels required when called:    2
 This function calls:
		_SPI_Transfer_Byte_without_CS
 This function is called by:
		_can_init_default
		_mcp2515_normal_mode
		_can_receive
		_main
 This function uses a non-reentrant model


 *************** function _mcp2515_current_opmode *****************
 Defined at:
		line 170 in file "src/mcp2515.c"
 Parameters:    Size  Location     Type
		None
 Auto vars:     Size  Location     Type
  opmode          1    5[COMRAM] unsigned char 
  current_opmo    1    4[COMRAM] enum E2464
 Return value:  Size  Location     Type
                  1    wreg      enum E2464
 Registers used:
		wreg, fsr2l, fsr2h, status,2, status,0, cstack
 Tracked objects:
		On entry : 
		On exit  : 
		Unchanged: 
 Data sizes:     COMRAM   BANK0   BANK1   BANK2   BANK3   BANK4   BANK5   BANK6   BANK7   BANK8   BANK9  BANK10  BANK11  BANK12  BANK13  BANK14  BANK15
      Params:         0       0       0       0       0       0       0       0       0       0       0       0       0       0       0       0       0
      Locals:         2       0       0       0       0       0       0       0       0       0       0       0       0       0       0       0       0
      Temps:          0       0       0       0       0       0       0       0       0       0       0       0       0       0       0       0       0
      Totals:         2       0       0       0       0       0       0       0       0       0       0       0       0       0       0       0       0
Total ram usage:        2 bytes
 Hardware stack levels used:    1
 Hardware stack levels required when called:    3
 This function calls:
		_mcp2515_cmd_read
 This function is called by:
		_can_init_default
 This function uses a non-reentrant model


 *************** function _mcp2515_cmd_read *****************
 Defined at:
		line 256 in file "src/mcp2515.c"
 Parameters:    Size  Location     Type
  reg_address     1    wreg     unsigned char 
  buf             1    2[COMRAM] PTR unsigned char 
		 -> mcp2515_eflg_buf(1), mcp2515_txb2ctrl_buf(1), mcp2515_txb1ctrl_buf(1), mcp2515_txb0ctrl_buf(1), 
		 -> mcp2515_canctrl_buf(1), mcp2515_intf_buf(1), mcp2515_current_opmode@opmode(1), 
 Auto vars:     Size  Location     Type
  reg_address     1    3[COMRAM] unsigned char 
 Return value:  Size  Location     Type
                  1    wreg      void 
 Registers used:
		wreg, fsr2l, fsr2h, status,2, status,0, cstack
 Tracked objects:
		On entry : 
		On exit  : 
		Unchanged: 
 Data sizes:     COMRAM   BANK0   BANK1   BANK2   BANK3   BANK4   BANK5   BANK6   BANK7   BANK8   BANK9  BANK10  BANK11  BANK12  BANK13  BANK14  BANK15
      Params:         1       0       0       0       0       0       0       0       0       0       0       0       0       0       0       0       0
      Locals:         1       0       0       0       0       0       0       0       0       0       0       0       0       0       0       0       0
      Temps:          0       0       0       0       0       0       0       0       0       0       0       0       0       0       0       0       0
      Totals:         2       0       0       0       0       0       0       0       0       0       0       0       0       0       0       0       0
Total ram usage:        2 bytes
 Hardware stack levels used:    1
 Hardware stack levels required when called:    2
 This function calls:
		_SPI_Transfer_Byte_without_CS
 This function is called by:
		_mcp2515_current_opmode
		_main
 This function uses a non-reentrant model


 *************** function _mcp2515_cmd_write *****************
 Defined at:
		line 309 in file "src/mcp2515.c"
 Parameters:    Size  Location     Type
  reg_address     1    wreg     unsigned char 
  val             1    2[COMRAM] unsigned char 
 Auto vars:     Size  Location     Type
  reg_address     1    3[COMRAM] unsigned char 
 Return value:  Size  Location     Type
                  1    wreg      void 
 Registers used:
		wreg, fsr2l, fsr2h, status,2, status,0, cstack
 Tracked objects:
		On entry : 
		On exit  : 
		Unchanged: 
 Data sizes:     COMRAM   BANK0   BANK1   BANK2   BANK3   BANK4   BANK5   BANK6   BANK7   BANK8   BANK9  BANK10  BANK11  BANK12  BANK13  BANK14  BANK15
      Params:         1       0       0       0       0       0       0       0       0       0       0       0       0       0       0       0       0
      Locals:         1       0       0       0       0       0       0       0       0       0       0       0       0       0       0       0       0
      Temps:          0       0       0       0       0       0       0       0       0       0       0       0       0       0       0       0       0
      Totals:         2       0       0       0       0       0       0       0       0       0       0       0       0       0       0       0       0
Total ram usage:        2 bytes
 Hardware stack levels used:    1
 Hardware stack levels required when called:    2
 This function calls:
		_SPI_Transfer_Byte_without_CS
 This function is called by:
		_can_init_default
 This function uses a non-reentrant model


 *************** function _SPI_Transfer_Byte_without_CS *****************
 Defined at:
		line 335 in file "src/mssp_spi.c"
 Parameters:    Size  Location     Type
  tx              1    wreg     unsigned char 
  rx              1    0[COMRAM] PTR unsigned char 
		 -> mcp2515_eflg_buf(1), mcp2515_txb2ctrl_buf(1), mcp2515_txb1ctrl_buf(1), mcp2515_txb0ctrl_buf(1), 
		 -> mcp2515_canctrl_buf(1), mcp2515_intf_buf(1), can_receive@rx_buf(13), receive_byte(1), 
		 -> mcp2515_current_opmode@opmode(1), 
 Auto vars:     Size  Location     Type
  tx              1    1[COMRAM] unsigned char 
 Return value:  Size  Location     Type
                  1    wreg      void 
 Registers used:
		wreg, fsr2l, fsr2h, status,2
 Tracked objects:
		On entry : 
		On exit  : 
		Unchanged: 
 Data sizes:     COMRAM   BANK0   BANK1   BANK2   BANK3   BANK4   BANK5   BANK6   BANK7   BANK8   BANK9  BANK10  BANK11  BANK12  BANK13  BANK14  BANK15
      Params:         1       0       0       0       0       0       0       0       0       0       0       0       0       0       0       0       0
      Locals:         1       0       0       0       0       0       0       0       0       0       0       0       0       0       0       0       0
      Temps:          0       0       0       0       0       0       0       0       0       0       0       0       0       0       0       0       0
      Totals:         2       0       0       0       0       0       0       0       0       0       0       0       0       0       0       0       0
Total ram usage:        2 bytes
 Hardware stack levels used:    1
 Hardware stack levels required when called:    1
 This function calls:
		Nothing
 This function is called by:
		_mcp2515_cmd_read
		_mcp2515_cmd_write
		_mcp2515_cmd_write_bit
		_mcp2515_cmd_read_rx_buf
		_mcp2515_cmd_load_tx_buf
 This function uses a non-reentrant model


 *************** function _mcp2515_cmd_reset *****************
 Defined at:
		line 213 in file "src/mcp2515.c"
 Parameters:    Size  Location     Type
		None
 Auto vars:     Size  Location     Type
		None
 Return value:  Size  Location     Type
                  1    wreg      void 
 Registers used:
		wreg, fsr2l, fsr2h, status,2, status,0, cstack
 Tracked objects:
		On entry : 
		On exit  : 
		Unchanged: 
 Data sizes:     COMRAM   BANK0   BANK1   BANK2   BANK3   BANK4   BANK5   BANK6   BANK7   BANK8   BANK9  BANK10  BANK11  BANK12  BANK13  BANK14  BANK15
      Params:         0       0       0       0       0       0       0       0       0       0       0       0       0       0       0       0       0
      Locals:         0       0       0       0       0       0       0       0       0       0       0       0       0       0       0       0       0
      Temps:          0       0       0       0       0       0       0       0       0       0       0       0       0       0       0       0       0
      Totals:         0       0       0       0       0       0       0       0       0       0       0       0       0       0       0       0       0
Total ram usage:        0 bytes
 Hardware stack levels used:    1
 Hardware stack levels required when called:    2
 This function calls:
		_SPI_Transfer_Byte
 This function is called by:
		_can_init_default
 This function uses a non-reentrant model


 *************** function _SPI_Transfer_Byte *****************
 Defined at:
		line 207 in file "src/mssp_spi.c"
 Parameters:    Size  Location     Type
  tx              1    wreg     unsigned char 
  rx              1    0[COMRAM] PTR unsigned char 
		 -> receive_byte(1), 
 Auto vars:     Size  Location     Type
  tx              1    1[COMRAM] unsigned char 
 Return value:  Size  Location     Type
                  1    wreg      void 
 Registers used:
		wreg, fsr2l, fsr2h, status,2
 Tracked objects:
		On entry : 
		On exit  : 
		Unchanged: 
 Data sizes:     COMRAM   BANK0   BANK1   BANK2   BANK3   BANK4   BANK5   BANK6   BANK7   BANK8   BANK9  BANK10  BANK11  BANK12  BANK13  BANK14  BANK15
      Params:         1       0       0       0       0       0       0       0       0       0       0       0       0       0       0       0       0
      Locals:         1       0       0       0       0       0       0       0       0       0       0       0       0       0       0       0       0
      Temps:          0       0       0       0       0       0       0       0       0       0       0       0       0       0       0       0       0
      Totals:         2       0       0       0       0       0       0       0       0       0       0       0       0       0       0       0       0
Total ram usage:        2 bytes
 Hardware stack levels used:    1
 Hardware stack levels required when called:    1
 This function calls:
		Nothing
 This function is called by:
		_mcp2515_cmd_reset
		_mcp2515_cmd_rts
 This function uses a non-reentrant model


 *************** function _external_interrupts_init *****************
 Defined at:
		line 54 in file "src/external_interrupts.c"
 Parameters:    Size  Location     Type
  which_pin       1    wreg     enum E2464
  trigger_edge    1    0[COMRAM] enum E2469
 Auto vars:     Size  Location     Type
  which_pin       1    3[COMRAM] enum E2464
 Return value:  Size  Location     Type
                  1    wreg      void 
 Registers used:
		wreg, status,2, status,0
 Tracked objects:
		On entry : 
		On exit  : 
		Unchanged: 
 Data sizes:     COMRAM   BANK0   BANK1   BANK2   BANK3   BANK4   BANK5   BANK6   BANK7   BANK8   BANK9  BANK10  BANK11  BANK12  BANK13  BANK14  BANK15
      Params:         1       0       0       0       0       0       0       0       0       0       0       0       0       0       0       0       0
      Locals:         1       0       0       0       0       0       0       0       0       0       0       0       0       0       0       0       0
      Temps:          2       0       0       0       0       0       0       0       0       0       0       0       0       0       0       0       0
      Totals:         4       0       0       0       0       0       0       0       0       0       0       0       0       0       0       0       0
Total ram usage:        4 bytes
 Hardware stack levels used:    1
 Hardware stack levels required when called:    1
 This function calls:
		Nothing
 This function is called by:
		_can_init_default
 This function uses a non-reentrant model


 *************** function _SPI_Init_Master_Default *****************
 Defined at:
		line 31 in file "src/mssp_spi.c"
 Parameters:    Size  Location     Type
		None
 Auto vars:     Size  Location     Type
		None
 Return value:  Size  Location     Type
                  1    wreg      void 
 Registers used:
		wreg, status,2, status,0
 Tracked objects:
		On entry : 
		On exit  : 
		Unchanged: 
 Data sizes:     COMRAM   BANK0   BANK1   BANK2   BANK3   BANK4   BANK5   BANK6   BANK7   BANK8   BANK9  BANK10  BANK11  BANK12  BANK13  BANK14  BANK15
      Params:         0       0       0       0       0       0       0       0       0       0       0       0       0       0       0       0       0
      Locals:         0       0       0       0       0       0       0       0       0       0       0       0       0       0       0       0       0
      Temps:          0       0       0       0       0       0       0       0       0       0       0       0       0       0       0       0       0
      Totals:         0       0       0       0       0       0       0       0       0       0       0       0       0       0       0       0       0
Total ram usage:        0 bytes
 Hardware stack levels used:    1
 Hardware stack levels required when called:    1
 This function calls:
		Nothing
 This function is called by:
		_can_init_default
 This function uses a non-reentrant model


 *************** function _adc_init_default *****************
 Defined at:
		line 39 in file "src/adc.c"
 Parameters:    Size  Location     Type
		None
 Auto vars:     Size  Location     Type
		None
 Return value:  Size  Location     Type
                  1    wreg      void 
 Registers used:
		wreg, status,2
 Tracked objects:
		On entry : 
		On exit  : 
		Unchanged: 
 Data sizes:     COMRAM   BANK0   BANK1   BANK2   BANK3   BANK4   BANK5   BANK6   BANK7   BANK8   BANK9  BANK10  BANK11  BANK12  BANK13  BANK14  BANK15
      Params:         0       0       0       0       0       0       0       0       0       0       0       0       0       0       0       0       0
      Locals:         0       0       0       0       0       0       0       0       0       0       0       0       0       0       0       0       0
      Temps:          0       0       0       0       0       0       0       0       0       0       0       0       0       0       0       0       0
      Totals:         0       0       0       0       0       0       0       0       0       0       0       0       0       0       0       0       0
Total ram usage:        0 bytes
 Hardware stack levels used:    1
 Hardware stack levels required when called:    1
 This function calls:
		Nothing
 This function is called by:
		_main
 This function uses a non-reentrant model


 *************** function _Timer3_Init_Default *****************
 Defined at:
		line 38 in file "src/timer.c"
 Parameters:    Size  Location     Type
		None
 Auto vars:     Size  Location     Type
		None
 Return value:  Size  Location     Type
                  1    wreg      void 
 Registers used:
		wreg, status,2, status,0
 Tracked objects:
		On entry : 
		On exit  : 
		Unchanged: 
 Data sizes:     COMRAM   BANK0   BANK1   BANK2   BANK3   BANK4   BANK5   BANK6   BANK7   BANK8   BANK9  BANK10  BANK11  BANK12  BANK13  BANK14  BANK15
      Params:         0       0       0       0       0       0       0       0       0       0       0       0       0       0       0       0       0
      Locals:         0       0       0       0       0       0       0       0       0       0       0       0       0       0       0       0       0
      Temps:          0       0       0       0       0       0       0       0       0       0       0       0       0       0       0       0       0
      Totals:         0       0       0       0       0       0       0       0       0       0       0       0       0       0       0       0       0
Total ram usage:        0 bytes
 Hardware stack levels used:    1
 Hardware stack levels required when called:    1
 This function calls:
		Nothing
 This function is called by:
		_main
 This function uses a non-reentrant model


 *************** function _Timer1_Init_Default *****************
 Defined at:
		line 31 in file "src/timer.c"
 Parameters:    Size  Location     Type
		None
 Auto vars:     Size  Location     Type
		None
 Return value:  Size  Location     Type
                  1    wreg      void 
 Registers used:
		wreg, status,2, status,0
 Tracked objects:
		On entry : 
		On exit  : 
		Unchanged: 
 Data sizes:     COMRAM   BANK0   BANK1   BANK2   BANK3   BANK4   BANK5   BANK6   BANK7   BANK8   BANK9  BANK10  BANK11  BANK12  BANK13  BANK14  BANK15
      Params:         0       0       0       0       0       0       0       0       0       0       0       0       0       0       0       0       0
      Locals:         0       0       0       0       0       0       0       0       0       0       0       0       0       0       0       0       0
      Temps:          0       0       0       0       0       0       0       0       0       0       0       0       0       0       0       0       0
      Totals:         0       0       0       0       0       0       0       0       0       0       0       0       0       0       0       0       0
Total ram usage:        0 bytes
 Hardware stack levels used:    1
 Hardware stack levels required when called:    1
 This function calls:
		Nothing
 This function is called by:
		_main
 This function uses a non-reentrant model


 *************** function _CCP2_Compare_Init_Default *****************
 Defined at:
		line 49 in file "src/ccp.c"
 Parameters:    Size  Location     Type
  comp_val        2    0[COMRAM] unsigned short 
 Auto vars:     Size  Location     Type
		None
 Return value:  Size  Location     Type
                  1    wreg      void 
 Registers used:
		wreg, status,2, status,0
 Tracked objects:
		On entry : 
		On exit  : 
		Unchanged: 
 Data sizes:     COMRAM   BANK0   BANK1   BANK2   BANK3   BANK4   BANK5   BANK6   BANK7   BANK8   BANK9  BANK10  BANK11  BANK12  BANK13  BANK14  BANK15
      Params:         2       0       0       0       0       0       0       0       0       0       0       0       0       0       0       0       0
      Locals:         0       0       0       0       0       0       0       0       0       0       0       0       0       0       0       0       0
      Temps:          0       0       0       0       0       0       0       0       0       0       0       0       0       0       0       0       0
      Totals:         2       0       0       0       0       0       0       0       0       0       0       0       0       0       0       0       0
Total ram usage:        2 bytes
 Hardware stack levels used:    1
 Hardware stack levels required when called:    1
 This function calls:
		Nothing
 This function is called by:
		_main
 This function uses a non-reentrant model


 *************** function _CCP1_Compare_Init_Default *****************
 Defined at:
		line 42 in file "src/ccp.c"
 Parameters:    Size  Location     Type
  comp_val        2    0[COMRAM] unsigned short 
 Auto vars:     Size  Location     Type
		None
 Return value:  Size  Location     Type
                  1    wreg      void 
 Registers used:
		wreg, status,2, status,0
 Tracked objects:
		On entry : 
		On exit  : 
		Unchanged: 
 Data sizes:     COMRAM   BANK0   BANK1   BANK2   BANK3   BANK4   BANK5   BANK6   BANK7   BANK8   BANK9  BANK10  BANK11  BANK12  BANK13  BANK14  BANK15
      Params:         2       0       0       0       0       0       0       0       0       0       0       0       0       0       0       0       0
      Locals:         0       0       0       0       0       0       0       0       0       0       0       0       0       0       0       0       0
      Temps:          0       0       0       0       0       0       0       0       0       0       0       0       0       0       0       0       0
      Totals:         2       0       0       0       0       0       0       0       0       0       0       0       0       0       0       0       0
Total ram usage:        2 bytes
 Hardware stack levels used:    1
 Hardware stack levels required when called:    1
 This function calls:
		Nothing
 This function is called by:
		_main
 This function uses a non-reentrant model


 *************** function _isr *****************
 Defined at:
		line 177 in file "mcp2515_test.c"
 Parameters:    Size  Location     Type
		None
 Auto vars:     Size  Location     Type
		None
 Return value:  Size  Location     Type
                  1    wreg      void 
 Registers used:
		wreg, status,2
 Tracked objects:
		On entry : 
		On exit  : 
		Unchanged: 
 Data sizes:     COMRAM   BANK0   BANK1   BANK2   BANK3   BANK4   BANK5   BANK6   BANK7   BANK8   BANK9  BANK10  BANK11  BANK12  BANK13  BANK14  BANK15
      Params:         0       0       0       0       0       0       0       0       0       0       0       0       0       0       0       0       0
      Locals:         0       0       0       0       0       0       0       0       0       0       0       0       0       0       0       0       0
      Temps:          0       0       0       0       0       0       0       0       0       0       0       0       0       0       0       0       0
      Totals:         0       0       0       0       0       0       0       0       0       0       0       0       0       0       0       0       0
Total ram usage:        0 bytes
 Hardware stack levels used:    1
 This function calls:
		Nothing
 This function is called by:
		Interrupt level 2
 This function uses a non-reentrant model



MODULE INFORMATION

Module		Function		Class		Link	Load	Size
src/ccp.c
		_CCP1_Compare_Init_Default		CODE           	0BAC	0000	22
		_CCP2_Compare_Init_Default		CODE           	0B96	0000	22

src/ccp.c estimated size: 44

shared
		__initialization		CODE           	09C0	0000	56

shared estimated size: 56

src/adc.c
		_adc_init_default		CODE           	0A7A	0000	52

src/adc.c estimated size: 52

src/mssp_spi.c
		_SPI_Init_Master_Default		CODE           	0B0A	0000	40
		_SPI_Transfer_Byte		CODE           	0A42	0000	56
		_SPI_Transfer_Byte_without_CS		CODE           	0ADE	0000	44

src/mssp_spi.c estimated size: 140

mcp2515_test.c
		_main          		CODE           	0012	0000	668
		_isr           		CODE           	0008	0000	90

mcp2515_test.c estimated size: 758

src/mcp2515.c
		_can_compose_msg_ext		CODE           	04CE	0000	488
		_mcp2515_cmd_read_rx_buf		CODE           	0A06	0000	60
		_mcp2515_cmd_load_tx_buf		CODE           	08B0	0000	100
		_mcp2515_cmd_write		CODE           	0B58	0000	38
		_mcp2515_cmd_reset		CODE           	0BE2	0000	12
		_can_send      		CODE           	0914	0000	88
		_mcp2515_cmd_write_bit		CODE           	0AAE	0000	48
		_can_init_default		CODE           	06B6	0000	258
		_mcp2515_cmd_rts		CODE           	0BC2	0000	16
		_can_parse_msg_ext		CODE           	02AE	0000	544
		_can_receive   		CODE           	07B8	0000	142
		_mcp2515_normal_mode		CODE           	0BD2	0000	16
		_mcp2515_current_opmode		CODE           	0B7E	0000	24
		_mcp2515_cmd_read		CODE           	0B32	0000	38

src/mcp2515.c estimated size: 1872

src/timer.c
		_Timer1_Init_Default		CODE           	0BF8	0000	10
		_Timer3_Init_Default		CODE           	0BEE	0000	10

src/timer.c estimated size: 20

src/external_interrupts.c
		_external_interrupts_init		CODE           	0846	0000	106

src/external_interrupts.c estimated size: 106

